<html>
<body>
<pre>
<h1>µVision Build Log</h1>
<h2>Tool Versions:</h2>
IDE-Version: µVision V5.43.1.0
Copyright (C) 2025 ARM Ltd and ARM Germany GmbH. All rights reserved.
License Information: Chang JP, Nuvoton, LIC=----
 
Tool Versions:
Toolchain:       MDK-Lite  Version: 5.43.0.0
Toolchain Path:  C:\Users\JPChang0\AppData\Local\Keil_v6\ARM\ARMCLANG\Bin
C Compiler:      ArmClang.exe V6.24
Assembler:       Armasm.exe V6.24
Linker/Locator:  ArmLink.exe V6.24
Library Manager: ArmAr.exe V6.24
Hex Converter:   FromElf.exe V6.24
CPU DLL:         SARMCM3.DLL V5.43.0.0
Dialog DLL:      DARMCM1.DLL V1.19.6.0
Target DLL:      NULink\Nu_Link.dll V3.19
Dialog DLL:      TARMCM1.DLL V1.14.6.0
 
<h2>Project:</h2>
C:\Users\JPChang0\Desktop\nuvoTon\@Promotion\Example Code\NM1244\[Example Code] NuMotor NM1240_Rev4.1_Keilv6_20260211\SW\SampleCode\UserProj\NM1240_1R_2R_6stp_Hall_FOC.uvprojx
Project File Date:  02/11/2026

<h2>Output:</h2>
*** Using Compiler 'V6.24', folder: 'C:\Users\JPChang0\AppData\Local\Keil_v6\ARM\ARMCLANG\Bin'
Rebuild target 'NM1230_1R_2R_6stp_Hall_FOC'
creating list file for usci_uart.c...
creating preprocessor file for usci_uart.c...
compiling usci_uart.c...
creating list file for system_NM1240.c...
creating preprocessor file for system_NM1240.c...
compiling system_NM1240.c...
assembling startup_NM1240.s...
creating list file for sys.c...
creating preprocessor file for sys.c...
compiling sys.c...
creating list file for clk.c...
creating preprocessor file for clk.c...
compiling clk.c...
creating list file for gpio.c...
creating preprocessor file for gpio.c...
compiling gpio.c...
creating list file for adc.c...
creating preprocessor file for adc.c...
compiling adc.c...
creating list file for fmc.c...
creating preprocessor file for fmc.c...
compiling fmc.c...
creating list file for main.c...
creating preprocessor file for main.c...
compiling main.c...
creating list file for INT_ISR.C...
creating preprocessor file for INT_ISR.C...
compiling INT_ISR.C...
creating list file for motor_FOC.c...
creating preprocessor file for motor_FOC.c...
compiling motor_FOC.c...
creating list file for motor_funtions.c...
creating preprocessor file for motor_funtions.c...
compiling motor_funtions.c...
creating list file for motor_six_step.c...
creating preprocessor file for motor_six_step.c...
compiling motor_six_step.c...
creating list file for PI_control.c...
creating preprocessor file for PI_control.c...
compiling PI_control.c...
creating list file for protocol.c...
creating preprocessor file for protocol.c...
compiling protocol.c...
creating list file for system_initialize.C...
creating preprocessor file for system_initialize.C...
compiling system_initialize.C...
creating list file for variable_initialize.c...
creating preprocessor file for variable_initialize.c...
compiling variable_initialize.c...
linking...
Program Size: Code=13604 RO-data=4036 RW-data=104 ZI-data=1480  
After Build - User command #1: fromelf --bin ".\obj\NM1240_1R_2R_6stp_Hall_FOC.axf" --output ".\obj\NM1240_1R_2R_6stp_Hall_FOC.bin"
After Build - User command #2: fromelf --text -c ".\obj\NM1240_1R_2R_6stp_Hall_FOC.axf" --output ".\obj\NM1240_1R_2R_6stp_Hall_FOC.txt"
".\obj\NM1240_1R_2R_6stp_Hall_FOC.axf" - 0 Error(s), 0 Warning(s).

<h2>Software Packages used:</h2>

Package Vendor: ARM
                https://www.keil.com/pack/ARM.CMSIS.6.2.0.pack
                ARM::CMSIS@6.2.0
                CMSIS (Common Microcontroller Software Interface Standard)
   * Component: CORE Version: 6.1.1

Package Vendor: Nuvoton
                http://www.nuvoton.com/hq/enu/Documents/KEILSoftwarePack/Nuvoton.NuMicro_DFP.1.3.9.pack
                Nuvoton::NuMicro_DFP@1.3.9
                Nuvoton ARM Cortex-M NuMicro Family Device Support

<h2>Collection of Component include folders:</h2>
  ./RTE/_NM1230_1R_2R_6stp_Hall_FOC
  C:/Users/JPChang0/AppData/Local/Keil_v6/ARM/Packs/ARM/CMSIS/6.2.0/CMSIS/Core/Include
  C:/Users/JPChang0/AppData/Local/Keil_v6/ARM/Packs/Nuvoton/NuMicro_DFP/1.3.9/Device/NM1240/Include

<h2>Collection of Component Files used:</h2>

   * Component: ARM::CMSIS:CORE@6.1.1
Build Time Elapsed:  00:00:13
</pre>
</body>
</html>
