Component: Arm Compiler for Embedded 6.24 Tool: armlink [5f371500]

==============================================================================

Small function inlining results

Inlined function __aeabi_idiv0 from idiv0.o at offset 0x1ee in aeabi_sdivfast.o(.text).
Inlined Instruction: BX       lr
Inlined function __aeabi_idiv0 from idiv0.o at offset 0x1f0 in aeabi_sdivfast.o(.text_divfast).
Inlined Instruction: BX       lr
Inlined function __aeabi_idiv0 from idiv0.o at offset 0xc in aeabi_sdivfast_div0.o(.text).
Inlined Instruction: BX       lr
Inlined function __aeabi_idiv0 from idiv0.o at offset 0x204 in aeabi_sdivfast_div0.o(.text).
Inlined Instruction: BX       lr
Inlined function __aeabi_idiv0 from idiv0.o at offset 0x1f0 in aeabi_sdivfast_div0.o(.text_divfast).
Inlined Instruction: BX       lr
Inlined function __aeabi_idiv0 from idiv0.o at offset 0x18 in uidiv_div0.o(.text).
Inlined Instruction: BX       lr
Inlined function __aeabi_idiv0 from idiv0.o at offset 0x42 in idiv_div0.o(.text).
Inlined Instruction: BX       lr
Inlined total of 7 calls.

==============================================================================

Image Symbol Table

    Local Symbols

    Symbol Name                              Value     Ov Type        Size  Object(Section)

    ../clib/division.s                       0x00000000   Number         0  aeabi_sdivfast.o ABSOLUTE
    ../clib/division.s                       0x00000000   Number         0  aeabi_sdivfast_div0.o ABSOLUTE
    ../clib/microlib/division.c              0x00000000   Number         0  uidiv.o ABSOLUTE
    ../clib/microlib/division.c              0x00000000   Number         0  uidiv_div0.o ABSOLUTE
    ../clib/microlib/division.c              0x00000000   Number         0  idiv_div0.o ABSOLUTE
    ../clib/microlib/division.c              0x00000000   Number         0  idiv0.o ABSOLUTE
    ../clib/microlib/division.c              0x00000000   Number         0  uldiv.o ABSOLUTE
    ../clib/microlib/init/entry.s            0x00000000   Number         0  entry.o ABSOLUTE
    ../clib/microlib/init/entry.s            0x00000000   Number         0  entry2.o ABSOLUTE
    ../clib/microlib/init/entry.s            0x00000000   Number         0  entry5.o ABSOLUTE
    ../clib/microlib/init/entry.s            0x00000000   Number         0  entry7a.o ABSOLUTE
    ../clib/microlib/init/entry.s            0x00000000   Number         0  entry7b.o ABSOLUTE
    ../clib/microlib/init/entry.s            0x00000000   Number         0  entry8a.o ABSOLUTE
    ../clib/microlib/init/entry.s            0x00000000   Number         0  entry8b.o ABSOLUTE
    ../clib/microlib/init/entry.s            0x00000000   Number         0  entry9a.o ABSOLUTE
    ../clib/microlib/init/entry.s            0x00000000   Number         0  entry9b.o ABSOLUTE
    ../clib/microlib/init/entry.s            0x00000000   Number         0  entry10a.o ABSOLUTE
    ../clib/microlib/init/entry.s            0x00000000   Number         0  entry10b.o ABSOLUTE
    ../clib/microlib/init/entry.s            0x00000000   Number         0  entry11a.o ABSOLUTE
    ../clib/microlib/init/entry.s            0x00000000   Number         0  entry11b.o ABSOLUTE
    ../clib/microlib/longlong.c              0x00000000   Number         0  llshl.o ABSOLUTE
    ../clib/microlib/longlong.c              0x00000000   Number         0  llushr.o ABSOLUTE
    ../clib/microlib/longlong.c              0x00000000   Number         0  llsshr.o ABSOLUTE
    ../clib/microlib/printf/printf.c         0x00000000   Number         0  printfb.o ABSOLUTE
    ../clib/microlib/printf/printf.c         0x00000000   Number         0  printf0.o ABSOLUTE
    ../clib/microlib/printf/printf.c         0x00000000   Number         0  printf1.o ABSOLUTE
    ../clib/microlib/printf/printf.c         0x00000000   Number         0  printf2.o ABSOLUTE
    ../clib/microlib/printf/printf.c         0x00000000   Number         0  printf3.o ABSOLUTE
    ../clib/microlib/printf/printf.c         0x00000000   Number         0  printf4.o ABSOLUTE
    ../clib/microlib/printf/printf.c         0x00000000   Number         0  printf5.o ABSOLUTE
    ../clib/microlib/printf/printf.c         0x00000000   Number         0  printf6.o ABSOLUTE
    ../clib/microlib/printf/printf.c         0x00000000   Number         0  printf7.o ABSOLUTE
    ../clib/microlib/printf/printf.c         0x00000000   Number         0  printf8.o ABSOLUTE
    ../clib/microlib/printf/printf.c         0x00000000   Number         0  printfa.o ABSOLUTE
    ../clib/microlib/printf/stubs.s          0x00000000   Number         0  printfstubs.o ABSOLUTE
    ../clib/microlib/string/memcpy.c         0x00000000   Number         0  memcpya.o ABSOLUTE
    ../clib/microlib/string/memcpy.c         0x00000000   Number         0  memcpyb.o ABSOLUTE
    ../clib/microlib/string/memset.c         0x00000000   Number         0  memseta.o ABSOLUTE
[...]
    .ARM.Collect$$$$0000000F                 0x000000d0   Section        0  entry11a.o(.ARM.Collect$$$$0000000F)
    .ARM.Collect$$$$00002712                 0x000000d0   Section        4  entry2.o(.ARM.Collect$$$$00002712)
    .emb_text                                0x000000d4   Section       28  retarget.o(.emb_text)
    .text                                    0x000000f0   Section       76  startup_nm1240.o(.text)
    Default_Handler                          0x0000011b   Thumb Code     2  startup_nm1240.o(.text)
    TMR2_IRQHandler                          0x0000011b   Thumb Code     0  startup_nm1240.o(.text)
    .text                                    0x0000013c   Section        0  memcpya.o(.text)
    .text                                    0x00000160   Section        0  memseta.o(.text)
    .text                                    0x00000184   Section        0  uidiv_div0.o(.text)
    .text                                    0x000001c2   Section        0  uldiv.o(.text)
    .text                                    0x00000224   Section       48  init.o(.text)
    .text                                    0x00000254   Section        0  llshl.o(.text)
    .text                                    0x00000274   Section        0  llushr.o(.text)
    [Anonymous Symbol]                       0x00000298   Section        0  int_isr.o(.text.ADC0_IRQHandler)
    __arm_cp.1_1                             0x000003a8   Number         4  int_isr.o(.text.ADC0_IRQHandler)
    __arm_cp.1_2                             0x000003ac   Number         4  int_isr.o(.text.ADC0_IRQHandler)
    __arm_cp.1_3                             0x000003b0   Number         4  int_isr.o(.text.ADC0_IRQHandler)
    __arm_cp.1_4                             0x000003b4   Number         4  int_isr.o(.text.ADC0_IRQHandler)
    __arm_cp.1_5                             0x000003b8   Number         4  int_isr.o(.text.ADC0_IRQHandler)
    __arm_cp.1_6                             0x000003bc   Number         4  int_isr.o(.text.ADC0_IRQHandler)
    __arm_cp.1_7                             0x000003c0   Number         4  int_isr.o(.text.ADC0_IRQHandler)
    __arm_cp.1_8                             0x000003c4   Number         4  int_isr.o(.text.ADC0_IRQHandler)
    __arm_cp.1_9                             0x000003c8   Number         4  int_isr.o(.text.ADC0_IRQHandler)
    __arm_cp.1_10                            0x000003cc   Number         4  int_isr.o(.text.ADC0_IRQHandler)
    __arm_cp.1_11                            0x000003d0   Number         4  int_isr.o(.text.ADC0_IRQHandler)
    [Anonymous Symbol]                       0x000003d4   Section        0  int_isr.o(.text.BRAKE0_IRQHandler)
    __arm_cp.4_1                             0x00000410   Number         4  int_isr.o(.text.BRAKE0_IRQHandler)
    __arm_cp.4_2                             0x00000414   Number         4  int_isr.o(.text.BRAKE0_IRQHandler)
    [Anonymous Symbol]                       0x00000418   Section        0  clk.o(.text.CLK_GetPCLKFreq)
    __arm_cp.9_0                             0x00000424   Number         4  clk.o(.text.CLK_GetPCLKFreq)
    [Anonymous Symbol]                       0x00000428   Section        0  clk.o(.text.CLK_WaitClockReady)
    __arm_cp.12_0                            0x00000440   Number         4  clk.o(.text.CLK_WaitClockReady)
    __arm_cp.12_1                            0x00000444   Number         4  clk.o(.text.CLK_WaitClockReady)
    [Anonymous Symbol]                       0x00000448   Section        0  motor_funtions.o(.text.Check_Rotor_FW_RW_M0)
    [Anonymous Symbol]                       0x000004a8   Section        0  protocol.o(.text.Command_update)
    __arm_cp.12_0                            0x000005d0   Number         4  protocol.o(.text.Command_update)
    __arm_cp.12_1                            0x000005d4   Number         4  protocol.o(.text.Command_update)
    __arm_cp.12_2                            0x000005d8   Number         4  protocol.o(.text.Command_update)
    __arm_cp.12_3                            0x000005dc   Number         4  protocol.o(.text.Command_update)
    __arm_cp.12_4                            0x000005e0   Number         4  protocol.o(.text.Command_update)
    __arm_cp.12_5                            0x000005e4   Number         4  protocol.o(.text.Command_update)
    __arm_cp.12_6                            0x000005e8   Number         4  protocol.o(.text.Command_update)
    __arm_cp.12_7                            0x000005ec   Number         4  protocol.o(.text.Command_update)
    __arm_cp.12_8                            0x000005f0   Number         4  protocol.o(.text.Command_update)
    __arm_cp.12_9                            0x000005f4   Number         4  protocol.o(.text.Command_update)
    __arm_cp.12_10                           0x000005f8   Number         4  protocol.o(.text.Command_update)
    [Anonymous Symbol]                       0x000005fc   Section        0  motor_funtions.o(.text.DAC_Module_Check)
    __arm_cp.13_7                            0x0000069c   Number         4  motor_funtions.o(.text.DAC_Module_Check)
    [Anonymous Symbol]                       0x000006a0   Section        0  motor_funtions.o(.text.DAC_Output_M0)
    __arm_cp.12_0                            0x00000760   Number         4  motor_funtions.o(.text.DAC_Output_M0)
    __arm_cp.12_2                            0x00000764   Number         4  motor_funtions.o(.text.DAC_Output_M0)
    __arm_cp.12_3                            0x00000768   Number         4  motor_funtions.o(.text.DAC_Output_M0)
    __arm_cp.12_4                            0x0000076c   Number         4  motor_funtions.o(.text.DAC_Output_M0)
    __arm_cp.12_5                            0x00000770   Number         4  motor_funtions.o(.text.DAC_Output_M0)
    __arm_cp.12_6                            0x00000774   Number         4  motor_funtions.o(.text.DAC_Output_M0)
    __arm_cp.12_7                            0x00000778   Number         4  motor_funtions.o(.text.DAC_Output_M0)
    [Anonymous Symbol]                       0x0000077c   Section        0  motor_funtions.o(.text.Detect_Initial_Hall_Position_M0)
    __arm_cp.3_0                             0x000007b4   Number         4  motor_funtions.o(.text.Detect_Initial_Hall_Position_M0)
    __arm_cp.3_1                             0x000007b8   Number         4  motor_funtions.o(.text.Detect_Initial_Hall_Position_M0)
    [Anonymous Symbol]                       0x000007d4   Section        0  int_isr.o(.text.ECAP_IRQHandler)
    __arm_cp.2_0                             0x00000a74   Number         4  int_isr.o(.text.ECAP_IRQHandler)
    __arm_cp.2_1                             0x00000a78   Number         4  int_isr.o(.text.ECAP_IRQHandler)
    __arm_cp.2_2                             0x00000a7c   Number         4  int_isr.o(.text.ECAP_IRQHandler)
    __arm_cp.2_3                             0x00000a80   Number         4  int_isr.o(.text.ECAP_IRQHandler)
    __arm_cp.2_4                             0x00000a84   Number         4  int_isr.o(.text.ECAP_IRQHandler)
    __arm_cp.2_5                             0x00000a88   Number         4  int_isr.o(.text.ECAP_IRQHandler)
    __arm_cp.2_6                             0x00000a8c   Number         4  int_isr.o(.text.ECAP_IRQHandler)
    [Anonymous Symbol]                       0x00000a90   Section        0  int_isr.o(.text.EPWM_IRQHandler)
    __arm_cp.3_0                             0x00000aa0   Number         4  int_isr.o(.text.EPWM_IRQHandler)
    [Anonymous Symbol]                       0x00000aa4   Section        0  fmc.o(.text.FMC_Erase)
    __arm_cp.1_0                             0x00000ad0   Number         4  fmc.o(.text.FMC_Erase)
    [Anonymous Symbol]                       0x00000ad4   Section        0  fmc.o(.text.FMC_Read)
    [Anonymous Symbol]                       0x00000af4   Section        0  fmc.o(.text.FMC_Write)
    __arm_cp.13_0                            0x00000b18   Number         4  fmc.o(.text.FMC_Write)
    [Anonymous Symbol]                       0x00000b1c   Section        0  motor_funtions.o(.text.Fix_Phase_Angle_M0)
    __arm_cp.2_0                             0x00000ce8   Number         4  motor_funtions.o(.text.Fix_Phase_Angle_M0)
    __arm_cp.2_1                             0x00000cec   Number         4  motor_funtions.o(.text.Fix_Phase_Angle_M0)
    __arm_cp.2_2                             0x00000cf0   Number         4  motor_funtions.o(.text.Fix_Phase_Angle_M0)
    __arm_cp.2_3                             0x00000cf4   Number         4  motor_funtions.o(.text.Fix_Phase_Angle_M0)
    __arm_cp.2_4                             0x00000cf8   Number         4  motor_funtions.o(.text.Fix_Phase_Angle_M0)
    __arm_cp.2_5                             0x00000cfc   Number         4  motor_funtions.o(.text.Fix_Phase_Angle_M0)
    __arm_cp.2_6                             0x00000d00   Number         4  motor_funtions.o(.text.Fix_Phase_Angle_M0)
    __arm_cp.2_7                             0x00000d04   Number         4  motor_funtions.o(.text.Fix_Phase_Angle_M0)
    __arm_cp.2_8                             0x00000d08   Number         4  motor_funtions.o(.text.Fix_Phase_Angle_M0)
    __arm_cp.2_9                             0x00000d0c   Number         4  motor_funtions.o(.text.Fix_Phase_Angle_M0)
    __arm_cp.2_10                            0x00000d10   Number         4  motor_funtions.o(.text.Fix_Phase_Angle_M0)
    __arm_cp.2_11                            0x00000d14   Number         4  motor_funtions.o(.text.Fix_Phase_Angle_M0)
    [Anonymous Symbol]                       0x00000d18   Section        0  protocol.o(.text.GDMA0_IRQHandler)
    __arm_cp.33_0                            0x00000d34   Number         4  protocol.o(.text.GDMA0_IRQHandler)
    __arm_cp.33_1                            0x00000d38   Number         4  protocol.o(.text.GDMA0_IRQHandler)
    [Anonymous Symbol]                       0x00000d3c   Section        0  protocol.o(.text.GDMA1_IRQHandler)
    __arm_cp.34_0                            0x00000d4c   Number         4  protocol.o(.text.GDMA1_IRQHandler)
    [Anonymous Symbol]                       0x00000d50   Section        0  motor_funtions.o(.text.HallSpeedEstimator)
    __arm_cp.1_0                             0x00000e00   Number         4  motor_funtions.o(.text.HallSpeedEstimator)
    __arm_cp.1_1                             0x00000e04   Number         4  motor_funtions.o(.text.HallSpeedEstimator)
    [Anonymous Symbol]                       0x00000e08   Section        0  system_initialize.o(.text.Initialize_ACMP0)
    __arm_cp.24_2                            0x00000e8c   Number         4  system_initialize.o(.text.Initialize_ACMP0)
    [Anonymous Symbol]                       0x00000e90   Section        0  system_initialize.o(.text.Initialize_ADC)
    __arm_cp.9_2                             0x00000ec8   Number         4  system_initialize.o(.text.Initialize_ADC)
    [Anonymous Symbol]                       0x00000ecc   Section        0  system_initialize.o(.text.Initialize_ECAP)
    __arm_cp.8_2                             0x00000fc0   Number         4  system_initialize.o(.text.Initialize_ECAP)
    __arm_cp.8_4                             0x00000fc4   Number         4  system_initialize.o(.text.Initialize_ECAP)
    [Anonymous Symbol]                       0x00000fc8   Section        0  system_initialize.o(.text.Initialize_EPWM)
    __arm_cp.1_0                             0x000010cc   Number         4  system_initialize.o(.text.Initialize_EPWM)
    __arm_cp.1_1                             0x000010d0   Number         4  system_initialize.o(.text.Initialize_EPWM)
    __arm_cp.1_2                             0x000010d4   Number         4  system_initialize.o(.text.Initialize_EPWM)
    __arm_cp.1_4                             0x000010d8   Number         4  system_initialize.o(.text.Initialize_EPWM)
    __arm_cp.1_5                             0x000010dc   Number         4  system_initialize.o(.text.Initialize_EPWM)
    __arm_cp.1_6                             0x000010e0   Number         4  system_initialize.o(.text.Initialize_EPWM)
    [Anonymous Symbol]                       0x000010e4   Section        0  protocol.o(.text.Initialize_FMC)
    __arm_cp.18_1                            0x0000118c   Number         4  protocol.o(.text.Initialize_FMC)
    __arm_cp.18_2                            0x00001190   Number         4  protocol.o(.text.Initialize_FMC)
    [Anonymous Symbol]                       0x00001194   Section        0  protocol.o(.text.Initialize_GDMA)
    __arm_cp.32_1                            0x00001238   Number         4  protocol.o(.text.Initialize_GDMA)
    __arm_cp.32_2                            0x0000123c   Number         4  protocol.o(.text.Initialize_GDMA)
    __arm_cp.32_3                            0x00001240   Number         4  protocol.o(.text.Initialize_GDMA)
    __arm_cp.32_4                            0x00001244   Number         4  protocol.o(.text.Initialize_GDMA)
    __arm_cp.32_5                            0x00001248   Number         4  protocol.o(.text.Initialize_GDMA)
    __arm_cp.32_6                            0x0000124c   Number         4  protocol.o(.text.Initialize_GDMA)
    __arm_cp.32_7                            0x00001250   Number         4  protocol.o(.text.Initialize_GDMA)
    [Anonymous Symbol]                       0x00001254   Section        0  system_initialize.o(.text.Initialize_GPIO)
    __arm_cp.27_0                            0x00001304   Number         4  system_initialize.o(.text.Initialize_GPIO)
    __arm_cp.27_1                            0x00001308   Number         4  system_initialize.o(.text.Initialize_GPIO)
    __arm_cp.27_2                            0x0000130c   Number         4  system_initialize.o(.text.Initialize_GPIO)
    __arm_cp.27_3                            0x00001310   Number         4  system_initialize.o(.text.Initialize_GPIO)
    [Anonymous Symbol]                       0x00001314   Section        0  system_initialize.o(.text.Initialize_HDIV)
    __arm_cp.28_0                            0x00001320   Number         4  system_initialize.o(.text.Initialize_HDIV)
    [Anonymous Symbol]                       0x00001324   Section        0  variable_initialize.o(.text.Initialize_Motor_Parameters)
    __arm_cp.1_0                             0x00001354   Number         4  variable_initialize.o(.text.Initialize_Motor_Parameters)
    __arm_cp.1_1                             0x00001358   Number         4  variable_initialize.o(.text.Initialize_Motor_Parameters)
    [Anonymous Symbol]                       0x0000135c   Section        0  system_initialize.o(.text.Initialize_Motor_System)
    __arm_cp.32_0                            0x00001490   Number         4  system_initialize.o(.text.Initialize_Motor_System)
    __arm_cp.32_1                            0x00001494   Number         4  system_initialize.o(.text.Initialize_Motor_System)
    __arm_cp.32_2                            0x00001498   Number         4  system_initialize.o(.text.Initialize_Motor_System)
    __arm_cp.32_3                            0x0000149c   Number         4  system_initialize.o(.text.Initialize_Motor_System)
    __arm_cp.32_4                            0x000014a0   Number         4  system_initialize.o(.text.Initialize_Motor_System)
    __arm_cp.32_5                            0x000014a4   Number         4  system_initialize.o(.text.Initialize_Motor_System)
    __arm_cp.32_6                            0x000014a8   Number         4  system_initialize.o(.text.Initialize_Motor_System)
    __arm_cp.32_7                            0x000014ac   Number         4  system_initialize.o(.text.Initialize_Motor_System)
    __arm_cp.32_8                            0x000014b0   Number         4  system_initialize.o(.text.Initialize_Motor_System)
    __arm_cp.32_9                            0x000014b4   Number         4  system_initialize.o(.text.Initialize_Motor_System)
    __arm_cp.32_10                           0x000014b8   Number         4  system_initialize.o(.text.Initialize_Motor_System)
    __arm_cp.32_11                           0x000014bc   Number         4  system_initialize.o(.text.Initialize_Motor_System)
    __arm_cp.32_12                           0x000014c0   Number         4  system_initialize.o(.text.Initialize_Motor_System)
    __arm_cp.32_13                           0x000014c4   Number         4  system_initialize.o(.text.Initialize_Motor_System)
    __arm_cp.32_14                           0x000014c8   Number         4  system_initialize.o(.text.Initialize_Motor_System)
    __arm_cp.32_15                           0x000014cc   Number         4  system_initialize.o(.text.Initialize_Motor_System)
    __arm_cp.32_16                           0x000014d0   Number         4  system_initialize.o(.text.Initialize_Motor_System)
    __arm_cp.32_17                           0x000014d4   Number         4  system_initialize.o(.text.Initialize_Motor_System)
    __arm_cp.32_18                           0x000014d8   Number         4  system_initialize.o(.text.Initialize_Motor_System)
    __arm_cp.32_19                           0x000014dc   Number         4  system_initialize.o(.text.Initialize_Motor_System)
    [Anonymous Symbol]                       0x000014e0   Section        0  system_initialize.o(.text.Initialize_OP1)
    __arm_cp.23_3                            0x0000152c   Number         4  system_initialize.o(.text.Initialize_OP1)
    __arm_cp.23_4                            0x00001530   Number         4  system_initialize.o(.text.Initialize_OP1)
    __arm_cp.23_5                            0x00001534   Number         4  system_initialize.o(.text.Initialize_OP1)
    [Anonymous Symbol]                       0x00001538   Section        0  variable_initialize.o(.text.Initialize_PI_Parameters)
    __arm_cp.2_0                             0x00001548   Number         4  variable_initialize.o(.text.Initialize_PI_Parameters)
    __arm_cp.2_1                             0x0000154c   Number         4  variable_initialize.o(.text.Initialize_PI_Parameters)
    __arm_cp.2_2                             0x00001550   Number         4  variable_initialize.o(.text.Initialize_PI_Parameters)
    [Anonymous Symbol]                       0x00001554   Section        0  system_initialize.o(.text.Initialize_Temperature_Sensor)
    __arm_cp.29_0                            0x00001560   Number         4  system_initialize.o(.text.Initialize_Temperature_Sensor)
    [Anonymous Symbol]                       0x00001564   Section        0  system_initialize.o(.text.Initialize_Timer0)
    __arm_cp.25_2                            0x000015c0   Number         4  system_initialize.o(.text.Initialize_Timer0)
    __arm_cp.25_3                            0x000015c4   Number         4  system_initialize.o(.text.Initialize_Timer0)
    [Anonymous Symbol]                       0x000015c8   Section        0  system_initialize.o(.text.Initialize_USCI1_SPI1_for_DAC)
    __arm_cp.26_2                            0x00001690   Number         4  system_initialize.o(.text.Initialize_USCI1_SPI1_for_DAC)
    __arm_cp.26_3                            0x00001694   Number         4  system_initialize.o(.text.Initialize_USCI1_SPI1_for_DAC)
    __arm_cp.26_4                            0x00001698   Number         4  system_initialize.o(.text.Initialize_USCI1_SPI1_for_DAC)
    [Anonymous Symbol]                       0x0000169c   Section        0  protocol.o(.text.Initialize_USCI_UART)
    __arm_cp.31_0                            0x000016f8   Number         4  protocol.o(.text.Initialize_USCI_UART)
    __arm_cp.31_1                            0x000016fc   Number         4  protocol.o(.text.Initialize_USCI_UART)
    __arm_cp.31_2                            0x00001700   Number         4  protocol.o(.text.Initialize_USCI_UART)
    __arm_cp.31_3                            0x00001704   Number         4  protocol.o(.text.Initialize_USCI_UART)
    __arm_cp.31_4                            0x00001708   Number         4  protocol.o(.text.Initialize_USCI_UART)
    [Anonymous Symbol]                       0x0000170c   Section        0  variable_initialize.o(.text.Initialize_Variabls)
    __arm_cp.0_1                             0x000017c4   Number         4  variable_initialize.o(.text.Initialize_Variabls)
    __arm_cp.0_2                             0x000017c8   Number         4  variable_initialize.o(.text.Initialize_Variabls)
    __arm_cp.0_3                             0x000017cc   Number         4  variable_initialize.o(.text.Initialize_Variabls)
    __arm_cp.0_4                             0x000017d0   Number         4  variable_initialize.o(.text.Initialize_Variabls)
    __arm_cp.0_5                             0x000017d4   Number         4  variable_initialize.o(.text.Initialize_Variabls)
    __arm_cp.0_6                             0x000017d8   Number         4  variable_initialize.o(.text.Initialize_Variabls)
    __arm_cp.0_7                             0x000017dc   Number         4  variable_initialize.o(.text.Initialize_Variabls)
    __arm_cp.0_8                             0x000017e0   Number         4  variable_initialize.o(.text.Initialize_Variabls)
    __arm_cp.0_9                             0x000017e4   Number         4  variable_initialize.o(.text.Initialize_Variabls)
    __arm_cp.0_10                            0x000017e8   Number         4  variable_initialize.o(.text.Initialize_Variabls)
    __arm_cp.0_11                            0x000017ec   Number         4  variable_initialize.o(.text.Initialize_Variabls)
    __arm_cp.0_12                            0x000017f0   Number         4  variable_initialize.o(.text.Initialize_Variabls)
    __arm_cp.0_13                            0x000017f4   Number         4  variable_initialize.o(.text.Initialize_Variabls)
    __arm_cp.0_14                            0x000017f8   Number         4  variable_initialize.o(.text.Initialize_Variabls)
    __arm_cp.0_15                            0x000017fc   Number         4  variable_initialize.o(.text.Initialize_Variabls)
    __arm_cp.0_16                            0x00001800   Number         4  variable_initialize.o(.text.Initialize_Variabls)
    [Anonymous Symbol]                       0x00001804   Section        0  system_initialize.o(.text.Iu_Iv_Zero_Current_Calibration)
    __arm_cp.33_0                            0x0000194c   Number         4  system_initialize.o(.text.Iu_Iv_Zero_Current_Calibration)
    __arm_cp.33_1                            0x00001950   Number         4  system_initialize.o(.text.Iu_Iv_Zero_Current_Calibration)
    __arm_cp.33_2                            0x00001954   Number         4  system_initialize.o(.text.Iu_Iv_Zero_Current_Calibration)
    __arm_cp.33_3                            0x00001958   Number         4  system_initialize.o(.text.Iu_Iv_Zero_Current_Calibration)
    __arm_cp.33_4                            0x0000195c   Number         4  system_initialize.o(.text.Iu_Iv_Zero_Current_Calibration)
    __arm_cp.33_5                            0x00001960   Number         4  system_initialize.o(.text.Iu_Iv_Zero_Current_Calibration)
    __arm_cp.33_6                            0x00001964   Number         4  system_initialize.o(.text.Iu_Iv_Zero_Current_Calibration)
    __arm_cp.33_7                            0x00001968   Number         4  system_initialize.o(.text.Iu_Iv_Zero_Current_Calibration)
    __arm_cp.33_8                            0x0000196c   Number         4  system_initialize.o(.text.Iu_Iv_Zero_Current_Calibration)
    __arm_cp.33_9                            0x00001970   Number         4  system_initialize.o(.text.Iu_Iv_Zero_Current_Calibration)
    __arm_cp.33_10                           0x00001974   Number         4  system_initialize.o(.text.Iu_Iv_Zero_Current_Calibration)
    __arm_cp.33_11                           0x00001978   Number         4  system_initialize.o(.text.Iu_Iv_Zero_Current_Calibration)
    __arm_cp.33_12                           0x0000197c   Number         4  system_initialize.o(.text.Iu_Iv_Zero_Current_Calibration)
    __arm_cp.33_13                           0x00001980   Number         4  system_initialize.o(.text.Iu_Iv_Zero_Current_Calibration)
    __arm_cp.33_14                           0x00001984   Number         4  system_initialize.o(.text.Iu_Iv_Zero_Current_Calibration)
    [Anonymous Symbol]                       0x00001988   Section        0  protocol.o(.text.Load_from_data_flash)
    [Anonymous Symbol]                       0x0000199a   Section        0  pi_control.o(.text.PI_Id_current)
    [Anonymous Symbol]                       0x000019ea   Section        0  pi_control.o(.text.PI_Iq_current)
    [Anonymous Symbol]                       0x00001a34   Section        0  pi_control.o(.text.PI_speed)
    [Anonymous Symbol]                       0x00001a84   Section        0  protocol.o(.text.Refresh)
    __arm_cp.16_0                            0x00001b00   Number         4  protocol.o(.text.Refresh)
    __arm_cp.16_1                            0x00001b04   Number         4  protocol.o(.text.Refresh)
    __arm_cp.16_2                            0x00001b08   Number         4  protocol.o(.text.Refresh)
    __arm_cp.16_3                            0x00001b0c   Number         4  protocol.o(.text.Refresh)
    [Anonymous Symbol]                       0x00001b10   Section        0  protocol.o(.text.Request_decode)
    __arm_cp.28_31                           0x00001bf4   Number         4  protocol.o(.text.Request_decode)
    __arm_cp.28_33                           0x00001bfc   Number         4  protocol.o(.text.Request_decode)
    __arm_cp.28_1                            0x00002044   Number         4  protocol.o(.text.Request_decode)
    __arm_cp.28_2                            0x00002048   Number         4  protocol.o(.text.Request_decode)
    __arm_cp.28_3                            0x0000204c   Number         4  protocol.o(.text.Request_decode)
    __arm_cp.28_4                            0x00002050   Number         4  protocol.o(.text.Request_decode)
    __arm_cp.28_5                            0x00002054   Number         4  protocol.o(.text.Request_decode)
    __arm_cp.28_6                            0x00002058   Number         4  protocol.o(.text.Request_decode)
    __arm_cp.28_7                            0x0000205c   Number         4  protocol.o(.text.Request_decode)
    __arm_cp.28_8                            0x00002060   Number         4  protocol.o(.text.Request_decode)
    __arm_cp.28_9                            0x00002064   Number         4  protocol.o(.text.Request_decode)
    __arm_cp.28_10                           0x00002068   Number         4  protocol.o(.text.Request_decode)
    __arm_cp.28_11                           0x0000206c   Number         4  protocol.o(.text.Request_decode)
    __arm_cp.28_12                           0x00002070   Number         4  protocol.o(.text.Request_decode)
    __arm_cp.28_13                           0x00002074   Number         4  protocol.o(.text.Request_decode)
    __arm_cp.28_14                           0x00002078   Number         4  protocol.o(.text.Request_decode)
    __arm_cp.28_15                           0x0000207c   Number         4  protocol.o(.text.Request_decode)
    __arm_cp.28_16                           0x00002080   Number         4  protocol.o(.text.Request_decode)
    __arm_cp.28_17                           0x00002084   Number         4  protocol.o(.text.Request_decode)
    __arm_cp.28_18                           0x00002088   Number         4  protocol.o(.text.Request_decode)
    __arm_cp.28_19                           0x0000208c   Number         4  protocol.o(.text.Request_decode)
    __arm_cp.28_20                           0x00002090   Number         4  protocol.o(.text.Request_decode)
    __arm_cp.28_21                           0x00002094   Number         4  protocol.o(.text.Request_decode)
    __arm_cp.28_22                           0x00002098   Number         4  protocol.o(.text.Request_decode)
    __arm_cp.28_23                           0x0000209c   Number         4  protocol.o(.text.Request_decode)
    __arm_cp.28_24                           0x000020a0   Number         4  protocol.o(.text.Request_decode)
    __arm_cp.28_25                           0x000020a4   Number         4  protocol.o(.text.Request_decode)
    __arm_cp.28_26                           0x000020a8   Number         4  protocol.o(.text.Request_decode)
    __arm_cp.28_27                           0x000020ac   Number         4  protocol.o(.text.Request_decode)
    __arm_cp.28_28                           0x000020b0   Number         4  protocol.o(.text.Request_decode)
    [Anonymous Symbol]                       0x000020b4   Section        0  system_initialize.o(.text.SW_Trg_ADC0_P4_Return_Reslut)
    __arm_cp.15_1                            0x000020f4   Number         4  system_initialize.o(.text.SW_Trg_ADC0_P4_Return_Reslut)
    __arm_cp.15_2                            0x000020f8   Number         4  system_initialize.o(.text.SW_Trg_ADC0_P4_Return_Reslut)
    [Anonymous Symbol]                       0x000020fc   Section        0  system_initialize.o(.text.SW_Trg_ADC1_P7_Return_Reslut)
    __arm_cp.12_1                            0x00002140   Number         4  system_initialize.o(.text.SW_Trg_ADC1_P7_Return_Reslut)
    [Anonymous Symbol]                       0x00002144   Section        0  system_initialize.o(.text.SYS_Init_Clock)
    __arm_cp.0_0                             0x0000217c   Number         4  system_initialize.o(.text.SYS_Init_Clock)
    __arm_cp.0_2                             0x00002180   Number         4  system_initialize.o(.text.SYS_Init_Clock)
    [Anonymous Symbol]                       0x00002184   Section        0  system_initialize.o(.text.Set_ADC1_P1_ADC0_P3_Simu_HW_Trg_by_PWM0Period)
    __arm_cp.20_0                            0x000021bc   Number         4  system_initialize.o(.text.Set_ADC1_P1_ADC0_P3_Simu_HW_Trg_by_PWM0Period)
    __arm_cp.20_1                            0x000021c0   Number         4  system_initialize.o(.text.Set_ADC1_P1_ADC0_P3_Simu_HW_Trg_by_PWM0Period)
    __arm_cp.20_2                            0x000021c4   Number         4  system_initialize.o(.text.Set_ADC1_P1_ADC0_P3_Simu_HW_Trg_by_PWM0Period)
    __arm_cp.20_3                            0x000021c8   Number         4  system_initialize.o(.text.Set_ADC1_P1_ADC0_P3_Simu_HW_Trg_by_PWM0Period)
    [Anonymous Symbol]                       0x000021cc   Section        0  system_initialize.o(.text.Set_EPWM_MASK_Enable)
    [Anonymous Symbol]                       0x000021ec   Section        0  system_initialize.o(.text.Start_Motor_PWMOUT_ON)
    __arm_cp.7_1                             0x0000225c   Number         4  system_initialize.o(.text.Start_Motor_PWMOUT_ON)
    __arm_cp.7_6                             0x00002260   Number         4  system_initialize.o(.text.Start_Motor_PWMOUT_ON)
    [Anonymous Symbol]                       0x00002264   Section        0  system_initialize.o(.text.Stop_Motor_PWMOUT_OFF)
    __arm_cp.6_1                             0x000022d4   Number         4  system_initialize.o(.text.Stop_Motor_PWMOUT_OFF)
    __arm_cp.6_2                             0x000022d8   Number         4  system_initialize.o(.text.Stop_Motor_PWMOUT_OFF)
    __arm_cp.6_3                             0x000022dc   Number         4  system_initialize.o(.text.Stop_Motor_PWMOUT_OFF)
    __arm_cp.6_4                             0x000022e0   Number         4  system_initialize.o(.text.Stop_Motor_PWMOUT_OFF)
    __arm_cp.6_5                             0x000022e4   Number         4  system_initialize.o(.text.Stop_Motor_PWMOUT_OFF)
    __arm_cp.6_6                             0x000022e8   Number         4  system_initialize.o(.text.Stop_Motor_PWMOUT_OFF)
    __arm_cp.6_7                             0x000022ec   Number         4  system_initialize.o(.text.Stop_Motor_PWMOUT_OFF)
    __arm_cp.6_8                             0x000022f0   Number         4  system_initialize.o(.text.Stop_Motor_PWMOUT_OFF)
    [Anonymous Symbol]                       0x000022f4   Section        0  system_nm1240.o(.text.SystemCoreClockUpdate)
    __arm_cp.0_0                             0x00002348   Number         4  system_nm1240.o(.text.SystemCoreClockUpdate)
    __arm_cp.0_1                             0x0000234c   Number         4  system_nm1240.o(.text.SystemCoreClockUpdate)
    __arm_cp.0_2                             0x00002350   Number         4  system_nm1240.o(.text.SystemCoreClockUpdate)
    __arm_cp.0_3                             0x00002354   Number         4  system_nm1240.o(.text.SystemCoreClockUpdate)
    __arm_cp.0_4                             0x00002358   Number         4  system_nm1240.o(.text.SystemCoreClockUpdate)
    __arm_cp.0_5                             0x0000235c   Number         4  system_nm1240.o(.text.SystemCoreClockUpdate)
    __arm_cp.0_6                             0x00002360   Number         4  system_nm1240.o(.text.SystemCoreClockUpdate)
    __arm_cp.0_7                             0x00002364   Number         4  system_nm1240.o(.text.SystemCoreClockUpdate)
    __arm_cp.0_8                             0x00002368   Number         4  system_nm1240.o(.text.SystemCoreClockUpdate)
    __arm_cp.0_9                             0x0000236c   Number         4  system_nm1240.o(.text.SystemCoreClockUpdate)
    [Anonymous Symbol]                       0x00002370   Section        0  system_nm1240.o(.text.SystemInit)
    [Anonymous Symbol]                       0x00002374   Section        0  int_isr.o(.text.TMR0_IRQHandler)
    __arm_cp.0_0                             0x0000248c   Number         4  int_isr.o(.text.TMR0_IRQHandler)
    __arm_cp.0_1                             0x00002490   Number         4  int_isr.o(.text.TMR0_IRQHandler)
    __arm_cp.0_2                             0x00002494   Number         4  int_isr.o(.text.TMR0_IRQHandler)
    __arm_cp.0_3                             0x00002498   Number         4  int_isr.o(.text.TMR0_IRQHandler)
    __arm_cp.0_4                             0x0000249c   Number         4  int_isr.o(.text.TMR0_IRQHandler)
    __arm_cp.0_5                             0x000024a0   Number         4  int_isr.o(.text.TMR0_IRQHandler)
    __arm_cp.0_6                             0x000024a4   Number         4  int_isr.o(.text.TMR0_IRQHandler)
    __arm_cp.0_7                             0x000024a8   Number         4  int_isr.o(.text.TMR0_IRQHandler)
    __arm_cp.0_8                             0x000024ac   Number         4  int_isr.o(.text.TMR0_IRQHandler)
    __arm_cp.0_9                             0x000024b0   Number         4  int_isr.o(.text.TMR0_IRQHandler)
    __arm_cp.0_10                            0x000024b4   Number         4  int_isr.o(.text.TMR0_IRQHandler)
    __arm_cp.0_11                            0x000024b8   Number         4  int_isr.o(.text.TMR0_IRQHandler)
    __arm_cp.0_12                            0x000024bc   Number         4  int_isr.o(.text.TMR0_IRQHandler)
    __arm_cp.0_13                            0x000024c0   Number         4  int_isr.o(.text.TMR0_IRQHandler)
    __arm_cp.0_14                            0x000024c4   Number         4  int_isr.o(.text.TMR0_IRQHandler)
    __arm_cp.0_15                            0x000024c8   Number         4  int_isr.o(.text.TMR0_IRQHandler)
    __arm_cp.0_16                            0x000024cc   Number         4  int_isr.o(.text.TMR0_IRQHandler)
    [Anonymous Symbol]                       0x000024d0   Section        0  protocol.o(.text.TX_data_to_PC)
    __arm_cp.26_2                            0x00002668   Number         4  protocol.o(.text.TX_data_to_PC)
    __arm_cp.26_3                            0x0000266c   Number         4  protocol.o(.text.TX_data_to_PC)
    __arm_cp.26_4                            0x00002670   Number         4  protocol.o(.text.TX_data_to_PC)
    __arm_cp.26_5                            0x00002674   Number         4  protocol.o(.text.TX_data_to_PC)
    __arm_cp.26_6                            0x00002678   Number         4  protocol.o(.text.TX_data_to_PC)
    __arm_cp.26_7                            0x0000267c   Number         4  protocol.o(.text.TX_data_to_PC)
    __arm_cp.26_8                            0x00002680   Number         4  protocol.o(.text.TX_data_to_PC)
    __arm_cp.26_9                            0x00002684   Number         4  protocol.o(.text.TX_data_to_PC)
    __arm_cp.26_10                           0x00002688   Number         4  protocol.o(.text.TX_data_to_PC)
    __arm_cp.26_11                           0x0000268c   Number         4  protocol.o(.text.TX_data_to_PC)
    __arm_cp.26_12                           0x00002690   Number         4  protocol.o(.text.TX_data_to_PC)
    __arm_cp.26_13                           0x00002694   Number         4  protocol.o(.text.TX_data_to_PC)
    __arm_cp.26_14                           0x00002698   Number         4  protocol.o(.text.TX_data_to_PC)
    __arm_cp.26_15                           0x0000269c   Number         4  protocol.o(.text.TX_data_to_PC)
    __arm_cp.26_16                           0x000026a0   Number         4  protocol.o(.text.TX_data_to_PC)
    __arm_cp.26_17                           0x000026a4   Number         4  protocol.o(.text.TX_data_to_PC)
    __arm_cp.26_18                           0x000026a8   Number         4  protocol.o(.text.TX_data_to_PC)
    __arm_cp.26_19                           0x000026ac   Number         4  protocol.o(.text.TX_data_to_PC)
    [Anonymous Symbol]                       0x000026b0   Section        0  protocol.o(.text.Trigger_update_micro_fig)
    __arm_cp.27_0                            0x000026c0   Number         4  protocol.o(.text.Trigger_update_micro_fig)
    __arm_cp.27_1                            0x000026c4   Number         4  protocol.o(.text.Trigger_update_micro_fig)
    [Anonymous Symbol]                       0x000026c8   Section        0  usci_uart.o(.text.UUART_Open)
    __arm_cp.5_0                             0x000027e8   Number         4  usci_uart.o(.text.UUART_Open)
    __arm_cp.5_1                             0x000027ec   Number         4  usci_uart.o(.text.UUART_Open)
    __arm_cp.5_2                             0x000027f0   Number         4  usci_uart.o(.text.UUART_Open)
    [Anonymous Symbol]                       0x000027f4   Section        0  motor_foc.o(.text.Vdq_to_SVPWM_2R)
    [Anonymous Symbol]                       0x00002864   Section        0  motor_foc.o(.text._Iuvw_to_Idq)
    __arm_cp.3_0                             0x00002898   Number         4  motor_foc.o(.text._Iuvw_to_Idq)
    [Anonymous Symbol]                       0x0000289c   Section        0  motor_funtions.o(.text.cmd_speed_slope_with_hall)
    [Anonymous Symbol]                       0x00002938   Section        0  protocol.o(.text.data_flash_is_empty)
    __arm_cp.19_0                            0x000029e8   Number         4  protocol.o(.text.data_flash_is_empty)
    __arm_cp.19_1                            0x000029ec   Number         4  protocol.o(.text.data_flash_is_empty)
    [Anonymous Symbol]                       0x000029f0   Section        0  motor_funtions.o(.text.delay_Xmsec)
    [Anonymous Symbol]                       0x000029f4   Section        0  protocol.o(.text.initial_CMD)
    [Anonymous Symbol]                       0x00002abc   Section        0  protocol.o(.text.initial_SYS)
    __arm_cp.5_0                             0x00002b50   Number         4  protocol.o(.text.initial_SYS)
    __arm_cp.5_1                             0x00002b54   Number         4  protocol.o(.text.initial_SYS)
    __arm_cp.5_2                             0x00002b58   Number         4  protocol.o(.text.initial_SYS)
    __arm_cp.5_3                             0x00002b5c   Number         4  protocol.o(.text.initial_SYS)
    __arm_cp.5_4                             0x00002b60   Number         4  protocol.o(.text.initial_SYS)
    [Anonymous Symbol]                       0x00002b64   Section        0  main.o(.text.main)
    __arm_cp.0_0                             0x00002bf0   Number         4  main.o(.text.main)
    __arm_cp.0_1                             0x00002bf4   Number         4  main.o(.text.main)
    __arm_cp.0_3                             0x00002bf8   Number         4  main.o(.text.main)
    [Anonymous Symbol]                       0x00002bfc   Section        0  motor_funtions.o(.text.read_UART_Check_ON_OFF_Motor)
    [Anonymous Symbol]                       0x00002c44   Section        0  motor_funtions.o(.text.read_VSP_Check_ON_OFF_Motor)
    __arm_cp.6_0                             0x00002c98   Number         4  motor_funtions.o(.text.read_VSP_Check_ON_OFF_Motor)
    [Anonymous Symbol]                       0x00002c9c   Section        0  motor_funtions.o(.text.read_VSP_to_speed_cmd)
    __arm_cp.9_0                             0x00002cd4   Number         4  motor_funtions.o(.text.read_VSP_to_speed_cmd)
    __arm_cp.9_1                             0x00002cd8   Number         4  motor_funtions.o(.text.read_VSP_to_speed_cmd)
    __arm_cp.9_2                             0x00002cdc   Number         4  motor_funtions.o(.text.read_VSP_to_speed_cmd)
    __arm_cp.9_3                             0x00002ce0   Number         4  motor_funtions.o(.text.read_VSP_to_speed_cmd)
    __arm_cp.9_4                             0x00002ce4   Number         4  motor_funtions.o(.text.read_VSP_to_speed_cmd)
    [Anonymous Symbol]                       0x00002ce8   Section        0  protocol.o(.text.read_data_flash_to_CMD_temp)
    __arm_cp.20_2                            0x00002e40   Number         4  protocol.o(.text.read_data_flash_to_CMD_temp)
    __arm_cp.20_3                            0x00002e44   Number         4  protocol.o(.text.read_data_flash_to_CMD_temp)
    __arm_cp.20_4                            0x00002e48   Number         4  protocol.o(.text.read_data_flash_to_CMD_temp)
    __arm_cp.20_5                            0x00002e4c   Number         4  protocol.o(.text.read_data_flash_to_CMD_temp)
    __arm_cp.20_6                            0x00002e50   Number         4  protocol.o(.text.read_data_flash_to_CMD_temp)
    __arm_cp.20_7                            0x00002e54   Number         4  protocol.o(.text.read_data_flash_to_CMD_temp)
    __arm_cp.20_8                            0x00002e58   Number         4  protocol.o(.text.read_data_flash_to_CMD_temp)
    __arm_cp.20_9                            0x00002e5c   Number         4  protocol.o(.text.read_data_flash_to_CMD_temp)
    [Anonymous Symbol]                       0x00002e60   Section        0  protocol.o(.text.read_data_flash_to_GUI)
    [Anonymous Symbol]                       0x00002f24   Section        0  protocol.o(.text.write_data_flash_from_GUI)
    __arm_cp.22_0                            0x00002fcc   Number         4  protocol.o(.text.write_data_flash_from_GUI)
    __arm_cp.22_1                            0x00002fd0   Number         4  protocol.o(.text.write_data_flash_from_GUI)
    __arm_cp.22_2                            0x00002fd4   Number         4  protocol.o(.text.write_data_flash_from_GUI)
    __arm_cp.22_3                            0x00002fd8   Number         4  protocol.o(.text.write_data_flash_from_GUI)
    __arm_cp.22_4                            0x00002fdc   Number         4  protocol.o(.text.write_data_flash_from_GUI)
    __arm_cp.22_5                            0x00002fe0   Number         4  protocol.o(.text.write_data_flash_from_GUI)
    __arm_cp.22_6                            0x00002fe4   Number         4  protocol.o(.text.write_data_flash_from_GUI)
    __arm_cp.22_7                            0x00002fe8   Number         4  protocol.o(.text.write_data_flash_from_GUI)
    __arm_cp.22_8                            0x00002fec   Number         4  protocol.o(.text.write_data_flash_from_GUI)
    __arm_cp.22_9                            0x00002ff0   Number         4  protocol.o(.text.write_data_flash_from_GUI)
    __arm_cp.22_10                           0x00002ff4   Number         4  protocol.o(.text.write_data_flash_from_GUI)
    i.Hard_Fault_Handler                     0x00002ff8   Section        0  retarget.o(i.Hard_Fault_Handler)
    __tagsym$$used                           0x00002ff9   Number         0  retarget.o(i.Hard_Fault_Handler)
    i.SVPWM_2R                               0x00003020   Section        0  svpwm.o(i.SVPWM_2R)
    i.SendChar_ToUART                        0x000031f4   Section        0  retarget.o(i.SendChar_ToUART)
    i.__0printf$5                            0x00003214   Section        0  printf5.o(i.__0printf$5)
    i.__scatterload_copy                     0x00003234   Section       14  handlers.o(i.__scatterload_copy)
    i.__scatterload_null                     0x00003242   Section        2  handlers.o(i.__scatterload_null)
    i.__scatterload_zeroinit                 0x00003244   Section       14  handlers.o(i.__scatterload_zeroinit)
    _printf_core                             0x00003255   Thumb Code   688  printf5.o(i._printf_core)
    i._printf_core                           0x00003254   Section        0  printf5.o(i._printf_core)
    i.fputc                                  0x00003530   Section        0  retarget.o(i.fputc)
    i.stackDump                              0x0000353c   Section        0  retarget.o(i.stackDump)
    .data                                    0x20000000   Section        4  retarget.o(.data)
    STACK                                    0x20000230   Section     1024  startup_nm1240.o(STACK)

    Global Symbols

    Symbol Name                              Value     Ov Type        Size  Object(Section)

    BuildAttributes$$THM_ISAv3M$S$PE$A:L22$X:L11$S22$IEEE1$IW$~IW$USESV6$~STKCKD$USESV7$~SHL$OTIME$ROPI$EBA8$MICROLIB$REQ8$PRES8$EABIv2 0x00000000   Number         0  anon$$obj.o ABSOLUTE
    __Vectors                                0x00000000   Data           4  startup_nm1240.o(RESET)
    _printf_a                                0x00000000   Number         0  printfstubs.o ABSOLUTE
    _printf_c                                0x00000000   Number         0  printfstubs.o ABSOLUTE
    _printf_charcount                        0x00000000   Number         0  printfstubs.o ABSOLUTE
    _printf_d                                0x00000000   Number         0  printfstubs.o ABSOLUTE
    _printf_e                                0x00000000   Number         0  printfstubs.o ABSOLUTE
    _printf_f                                0x00000000   Number         0  printfstubs.o ABSOLUTE
    _printf_flags                            0x00000000   Number         0  printfstubs.o ABSOLUTE
    _printf_fp_dec                           0x00000000   Number         0  printfstubs.o ABSOLUTE
    _printf_fp_hex                           0x00000000   Number         0  printfstubs.o ABSOLUTE
    _printf_g                                0x00000000   Number         0  printfstubs.o ABSOLUTE
    _printf_i                                0x00000000   Number         0  printfstubs.o ABSOLUTE
    _printf_int_dec                          0x00000000   Number         0  printfstubs.o ABSOLUTE
    _printf_l                                0x00000000   Number         0  printfstubs.o ABSOLUTE
    _printf_lc                               0x00000000   Number         0  printfstubs.o ABSOLUTE
    _printf_ll                               0x00000000   Number         0  printfstubs.o ABSOLUTE
    _printf_lld                              0x00000000   Number         0  printfstubs.o ABSOLUTE
    _printf_lli                              0x00000000   Number         0  printfstubs.o ABSOLUTE
    _printf_llo                              0x00000000   Number         0  printfstubs.o ABSOLUTE
    _printf_llu                              0x00000000   Number         0  printfstubs.o ABSOLUTE
    _printf_llx                              0x00000000   Number         0  printfstubs.o ABSOLUTE
    _printf_longlong_dec                     0x00000000   Number         0  printfstubs.o ABSOLUTE
    _printf_longlong_hex                     0x00000000   Number         0  printfstubs.o ABSOLUTE
    _printf_longlong_oct                     0x00000000   Number         0  printfstubs.o ABSOLUTE
    _printf_ls                               0x00000000   Number         0  printfstubs.o ABSOLUTE
    _printf_mbtowc                           0x00000000   Number         0  printfstubs.o ABSOLUTE
    _printf_n                                0x00000000   Number         0  printfstubs.o ABSOLUTE
    _printf_o                                0x00000000   Number         0  printfstubs.o ABSOLUTE
    _printf_p                                0x00000000   Number         0  printfstubs.o ABSOLUTE
    _printf_percent                          0x00000000   Number         0  printfstubs.o ABSOLUTE
    _printf_pre_padding                      0x00000000   Number         0  printfstubs.o ABSOLUTE
    _printf_return_value                     0x00000000   Number         0  printfstubs.o ABSOLUTE
    _printf_s                                0x00000000   Number         0  printfstubs.o ABSOLUTE
    _printf_sizespec                         0x00000000   Number         0  printfstubs.o ABSOLUTE
    _printf_str                              0x00000000   Number         0  printfstubs.o ABSOLUTE
    _printf_truncate_signed                  0x00000000   Number         0  printfstubs.o ABSOLUTE
    _printf_truncate_unsigned                0x00000000   Number         0  printfstubs.o ABSOLUTE
    _printf_u                                0x00000000   Number         0  printfstubs.o ABSOLUTE
    _printf_wc                               0x00000000   Number         0  printfstubs.o ABSOLUTE
    _printf_wctomb                           0x00000000   Number         0  printfstubs.o ABSOLUTE
    _printf_widthprec                        0x00000000   Number         0  printfstubs.o ABSOLUTE
    _printf_x                                0x00000000   Number         0  printfstubs.o ABSOLUTE
    __cpp_initialize__aeabi_                  - Undefined Weak Reference
    __cxa_finalize                            - Undefined Weak Reference
    __decompress                              - Undefined Weak Reference
    _clock_init                               - Undefined Weak Reference
    _microlib_exit                            - Undefined Weak Reference
    __main                                   0x000000c1   Thumb Code     0  entry.o(.ARM.Collect$$$$00000000)
    _main_stk                                0x000000c1   Thumb Code     0  entry2.o(.ARM.Collect$$$$00000001)
    _main_scatterload                        0x000000c5   Thumb Code     0  entry5.o(.ARM.Collect$$$$00000004)
    __main_after_scatterload                 0x000000c9   Thumb Code     0  entry5.o(.ARM.Collect$$$$00000004)
    _main_clock                              0x000000c9   Thumb Code     0  entry7b.o(.ARM.Collect$$$$00000008)
    _main_cpp_init                           0x000000c9   Thumb Code     0  entry8b.o(.ARM.Collect$$$$0000000A)
    _main_init                               0x000000c9   Thumb Code     0  entry9a.o(.ARM.Collect$$$$0000000B)
    __rt_final_cpp                           0x000000d1   Thumb Code     0  entry10a.o(.ARM.Collect$$$$0000000D)
    __rt_final_exit                          0x000000d1   Thumb Code     0  entry11a.o(.ARM.Collect$$$$0000000F)
    HardFault_Handler                        0x000000d5   Thumb Code    24  retarget.o(.emb_text)
    Reset_Handler                            0x000000f1   Thumb Code    32  startup_nm1240.o(.text)
    NMI_Handler                              0x00000111   Thumb Code     2  startup_nm1240.o(.text)
    SVC_Handler                              0x00000115   Thumb Code     2  startup_nm1240.o(.text)
    PendSV_Handler                           0x00000117   Thumb Code     2  startup_nm1240.o(.text)
    SysTick_Handler                          0x00000119   Thumb Code     2  startup_nm1240.o(.text)
    ACMP_IRQHandler                          0x0000011b   Thumb Code     0  startup_nm1240.o(.text)
    ADC1_IRQHandler                          0x0000011b   Thumb Code     0  startup_nm1240.o(.text)
    BOD_IRQHandler                           0x0000011b   Thumb Code     0  startup_nm1240.o(.text)
    BPWM0_IRQHandler                         0x0000011b   Thumb Code     0  startup_nm1240.o(.text)
    BPWM1_IRQHandler                         0x0000011b   Thumb Code     0  startup_nm1240.o(.text)
    BRAKE1_IRQHandler                        0x0000011b   Thumb Code     0  startup_nm1240.o(.text)
    CCAP_IRQHandler                          0x0000011b   Thumb Code     0  startup_nm1240.o(.text)
    GPIO_IRQHandler                          0x0000011b   Thumb Code     0  startup_nm1240.o(.text)
    HIRCTRIM_IRQHandler                      0x0000011b   Thumb Code     0  startup_nm1240.o(.text)
    PWRWU_IRQHandler                         0x0000011b   Thumb Code     0  startup_nm1240.o(.text)
    TMR1_IRQHandler                          0x0000011b   Thumb Code     0  startup_nm1240.o(.text)
    USCI1_IRQHandler                         0x0000011b   Thumb Code     0  startup_nm1240.o(.text)
    USCI2_IRQHandler                         0x0000011b   Thumb Code     0  startup_nm1240.o(.text)
    WDT_IRQHandler                           0x0000011b   Thumb Code     0  startup_nm1240.o(.text)
    __aeabi_memcpy                           0x0000013d   Thumb Code    36  memcpya.o(.text)
    __aeabi_memcpy4                          0x0000013d   Thumb Code     0  memcpya.o(.text)
    __aeabi_memcpy8                          0x0000013d   Thumb Code     0  memcpya.o(.text)
    __aeabi_memset                           0x00000161   Thumb Code    14  memseta.o(.text)
    __aeabi_memset4                          0x00000161   Thumb Code     0  memseta.o(.text)
    __aeabi_memset8                          0x00000161   Thumb Code     0  memseta.o(.text)
    __aeabi_memclr                           0x0000016f   Thumb Code     4  memseta.o(.text)
    __aeabi_memclr4                          0x0000016f   Thumb Code     0  memseta.o(.text)
    __aeabi_memclr8                          0x0000016f   Thumb Code     0  memseta.o(.text)
    _memset$wrapper                          0x00000173   Thumb Code    18  memseta.o(.text)
    __aeabi_uidiv                            0x00000185   Thumb Code     0  uidiv_div0.o(.text)
    __aeabi_uidivmod                         0x00000185   Thumb Code    62  uidiv_div0.o(.text)
    __aeabi_uldivmod                         0x000001c3   Thumb Code    96  uldiv.o(.text)
    __scatterload                            0x00000225   Thumb Code    38  init.o(.text)
    __scatterload_rt2                        0x00000225   Thumb Code     0  init.o(.text)
    __aeabi_llsl                             0x00000255   Thumb Code    32  llshl.o(.text)
    _ll_shift_l                              0x00000255   Thumb Code     0  llshl.o(.text)
    __aeabi_llsr                             0x00000275   Thumb Code    34  llushr.o(.text)
    _ll_ushift_r                             0x00000275   Thumb Code     0  llushr.o(.text)
    ADC0_IRQHandler                          0x00000299   Thumb Code   272  int_isr.o(.text.ADC0_IRQHandler)
    BRAKE0_IRQHandler                        0x000003d5   Thumb Code    60  int_isr.o(.text.BRAKE0_IRQHandler)
    CLK_GetPCLKFreq                          0x00000419   Thumb Code    12  clk.o(.text.CLK_GetPCLKFreq)
    CLK_WaitClockReady                       0x00000429   Thumb Code    24  clk.o(.text.CLK_WaitClockReady)
    Check_Rotor_FW_RW_M0                     0x00000449   Thumb Code    94  motor_funtions.o(.text.Check_Rotor_FW_RW_M0)
    Command_update                           0x000004a9   Thumb Code   296  protocol.o(.text.Command_update)
    DAC_Module_Check                         0x000005fd   Thumb Code   160  motor_funtions.o(.text.DAC_Module_Check)
    DAC_Output_M0                            0x000006a1   Thumb Code   192  motor_funtions.o(.text.DAC_Output_M0)
    Detect_Initial_Hall_Position_M0          0x0000077d   Thumb Code    56  motor_funtions.o(.text.Detect_Initial_Hall_Position_M0)
    ECAP_IRQHandler                          0x000007d5   Thumb Code   672  int_isr.o(.text.ECAP_IRQHandler)
    EPWM_IRQHandler                          0x00000a91   Thumb Code    16  int_isr.o(.text.EPWM_IRQHandler)
    FMC_Erase                                0x00000aa5   Thumb Code    44  fmc.o(.text.FMC_Erase)
    FMC_Read                                 0x00000ad5   Thumb Code    32  fmc.o(.text.FMC_Read)
    FMC_Write                                0x00000af5   Thumb Code    36  fmc.o(.text.FMC_Write)
    Fix_Phase_Angle_M0                       0x00000b1d   Thumb Code   460  motor_funtions.o(.text.Fix_Phase_Angle_M0)
    GDMA0_IRQHandler                         0x00000d19   Thumb Code    28  protocol.o(.text.GDMA0_IRQHandler)
    GDMA1_IRQHandler                         0x00000d3d   Thumb Code    16  protocol.o(.text.GDMA1_IRQHandler)
    HallSpeedEstimator                       0x00000d51   Thumb Code   176  motor_funtions.o(.text.HallSpeedEstimator)
    Initialize_ACMP0                         0x00000e09   Thumb Code   132  system_initialize.o(.text.Initialize_ACMP0)
    Initialize_ADC                           0x00000e91   Thumb Code    56  system_initialize.o(.text.Initialize_ADC)
    Initialize_ECAP                          0x00000ecd   Thumb Code   244  system_initialize.o(.text.Initialize_ECAP)
    Initialize_EPWM                          0x00000fc9   Thumb Code   260  system_initialize.o(.text.Initialize_EPWM)
    Initialize_FMC                           0x000010e5   Thumb Code   168  protocol.o(.text.Initialize_FMC)
    Initialize_GDMA                          0x00001195   Thumb Code   164  protocol.o(.text.Initialize_GDMA)
    Initialize_GPIO                          0x00001255   Thumb Code   176  system_initialize.o(.text.Initialize_GPIO)
    Initialize_HDIV                          0x00001315   Thumb Code    12  system_initialize.o(.text.Initialize_HDIV)
    Initialize_Motor_Parameters              0x00001325   Thumb Code    48  variable_initialize.o(.text.Initialize_Motor_Parameters)
    Initialize_Motor_System                  0x0000135d   Thumb Code   308  system_initialize.o(.text.Initialize_Motor_System)
    Initialize_OP1                           0x000014e1   Thumb Code    76  system_initialize.o(.text.Initialize_OP1)
    Initialize_PI_Parameters                 0x00001539   Thumb Code    16  variable_initialize.o(.text.Initialize_PI_Parameters)
    Initialize_Temperature_Sensor            0x00001555   Thumb Code    12  system_initialize.o(.text.Initialize_Temperature_Sensor)
    Initialize_Timer0                        0x00001565   Thumb Code    92  system_initialize.o(.text.Initialize_Timer0)
    Initialize_USCI1_SPI1_for_DAC            0x000015c9   Thumb Code   200  system_initialize.o(.text.Initialize_USCI1_SPI1_for_DAC)
    Initialize_USCI_UART                     0x0000169d   Thumb Code    92  protocol.o(.text.Initialize_USCI_UART)
    Initialize_Variabls                      0x0000170d   Thumb Code   184  variable_initialize.o(.text.Initialize_Variabls)
    Iu_Iv_Zero_Current_Calibration           0x00001805   Thumb Code   328  system_initialize.o(.text.Iu_Iv_Zero_Current_Calibration)
    Load_from_data_flash                     0x00001989   Thumb Code    18  protocol.o(.text.Load_from_data_flash)
    PI_Id_current                            0x0000199b   Thumb Code    80  pi_control.o(.text.PI_Id_current)
    PI_Iq_current                            0x000019eb   Thumb Code    74  pi_control.o(.text.PI_Iq_current)
    PI_speed                                 0x00001a35   Thumb Code    80  pi_control.o(.text.PI_speed)
    Refresh                                  0x00001a85   Thumb Code   124  protocol.o(.text.Refresh)
    Request_decode                           0x00001b11   Thumb Code  1320  protocol.o(.text.Request_decode)
    SW_Trg_ADC0_P4_Return_Reslut             0x000020b5   Thumb Code    64  system_initialize.o(.text.SW_Trg_ADC0_P4_Return_Reslut)
    SW_Trg_ADC1_P7_Return_Reslut             0x000020fd   Thumb Code    68  system_initialize.o(.text.SW_Trg_ADC1_P7_Return_Reslut)
    SYS_Init_Clock                           0x00002145   Thumb Code    56  system_initialize.o(.text.SYS_Init_Clock)
    Set_ADC1_P1_ADC0_P3_Simu_HW_Trg_by_PWM0Period 0x00002185   Thumb Code    56  system_initialize.o(.text.Set_ADC1_P1_ADC0_P3_Simu_HW_Trg_by_PWM0Period)
    Set_EPWM_MASK_Enable                     0x000021cd   Thumb Code    32  system_initialize.o(.text.Set_EPWM_MASK_Enable)
    Start_Motor_PWMOUT_ON                    0x000021ed   Thumb Code   112  system_initialize.o(.text.Start_Motor_PWMOUT_ON)
    Stop_Motor_PWMOUT_OFF                    0x00002265   Thumb Code   112  system_initialize.o(.text.Stop_Motor_PWMOUT_OFF)
    SystemCoreClockUpdate                    0x000022f5   Thumb Code    84  system_nm1240.o(.text.SystemCoreClockUpdate)
    SystemInit                               0x00002371   Thumb Code     2  system_nm1240.o(.text.SystemInit)
    TMR0_IRQHandler                          0x00002375   Thumb Code   280  int_isr.o(.text.TMR0_IRQHandler)
    TX_data_to_PC                            0x000024d1   Thumb Code   408  protocol.o(.text.TX_data_to_PC)
    Trigger_update_micro_fig                 0x000026b1   Thumb Code    16  protocol.o(.text.Trigger_update_micro_fig)
    UUART_Open                               0x000026c9   Thumb Code   288  usci_uart.o(.text.UUART_Open)
    Vdq_to_SVPWM_2R                          0x000027f5   Thumb Code   112  motor_foc.o(.text.Vdq_to_SVPWM_2R)
    _Iuvw_to_Idq                             0x00002865   Thumb Code    52  motor_foc.o(.text._Iuvw_to_Idq)
    cmd_speed_slope_with_hall                0x0000289d   Thumb Code   154  motor_funtions.o(.text.cmd_speed_slope_with_hall)
    data_flash_is_empty                      0x00002939   Thumb Code   176  protocol.o(.text.data_flash_is_empty)
    delay_Xmsec                              0x000029f1   Thumb Code     2  motor_funtions.o(.text.delay_Xmsec)
    initial_CMD                              0x000029f5   Thumb Code   200  protocol.o(.text.initial_CMD)
    initial_SYS                              0x00002abd   Thumb Code   148  protocol.o(.text.initial_SYS)
    main                                     0x00002b65   Thumb Code   140  main.o(.text.main)
    read_UART_Check_ON_OFF_Motor             0x00002bfd   Thumb Code    72  motor_funtions.o(.text.read_UART_Check_ON_OFF_Motor)
    read_VSP_Check_ON_OFF_Motor              0x00002c45   Thumb Code    84  motor_funtions.o(.text.read_VSP_Check_ON_OFF_Motor)
    read_VSP_to_speed_cmd                    0x00002c9d   Thumb Code    56  motor_funtions.o(.text.read_VSP_to_speed_cmd)
    read_data_flash_to_CMD_temp              0x00002ce9   Thumb Code   344  protocol.o(.text.read_data_flash_to_CMD_temp)
    read_data_flash_to_GUI                   0x00002e61   Thumb Code   196  protocol.o(.text.read_data_flash_to_GUI)
    write_data_flash_from_GUI                0x00002f25   Thumb Code   168  protocol.o(.text.write_data_flash_from_GUI)
    Hard_Fault_Handler                       0x00002ff9   Thumb Code    16  retarget.o(i.Hard_Fault_Handler)
    SVPWM_2R                                 0x00003021   Thumb Code   454  svpwm.o(i.SVPWM_2R)
    SendChar_ToUART                          0x000031f5   Thumb Code    26  retarget.o(i.SendChar_ToUART)
    __0printf$5                              0x00003215   Thumb Code    24  printf5.o(i.__0printf$5)
    __1printf$5                              0x00003215   Thumb Code     0  printf5.o(i.__0printf$5)
    __2printf                                0x00003215   Thumb Code     0  printf5.o(i.__0printf$5)
    __scatterload_copy                       0x00003235   Thumb Code    14  handlers.o(i.__scatterload_copy)
    __scatterload_null                       0x00003243   Thumb Code     2  handlers.o(i.__scatterload_null)
    __scatterload_zeroinit                   0x00003245   Thumb Code    14  handlers.o(i.__scatterload_zeroinit)
    fputc                                    0x00003531   Thumb Code    12  retarget.o(i.fputc)
    stackDump                                0x0000353d   Thumb Code    70  retarget.o(i.stackDump)
    GROUP0_CMD_LIST                          0x000035e4   Data         228  protocol.o(.rodata.GROUP0_CMD_LIST)
    GROUP1_CMD_LIST                          0x000036c8   Data         152  protocol.o(.rodata.GROUP1_CMD_LIST)
    GROUP2_CMD_LIST                          0x00003760   Data         152  protocol.o(.rodata.GROUP2_CMD_LIST)
    GROUP3_CMD_LIST                          0x000037f8   Data         152  protocol.o(.rodata.GROUP3_CMD_LIST)
    INFO_LIST                                0x00003890   Data         288  protocol.o(.rodata.INFO_LIST)
    MACRO_LIST                               0x000039b0   Data         288  protocol.o(.rodata.MACRO_LIST)
    MICRO_LIST                               0x00003ad0   Data         432  protocol.o(.rodata.MICRO_LIST)
    SYS_LIST                                 0x00003c80   Data          72  protocol.o(.rodata.SYS_LIST)
    sinTab                                   0x00003cc8   Data        2048  motor_foc.o(.rodata.sinTab)
    Region$$Table$$Base                      0x000044c8   Number         0  anon$$obj.o(Region$$Table)
    Region$$Table$$Limit                     0x000044e8   Number         0  anon$$obj.o(Region$$Table)
    __stdout                                 0x20000000   Data           4  retarget.o(.data)
    CyclesPerUs                              0x20000004   Data           4  system_nm1240.o(.data.CyclesPerUs)
    GROUP_CMD_BASE                           0x20000008   Data          16  protocol.o(.data.GROUP_CMD_BASE)
    GROUP_CMD_SIZE                           0x20000018   Data           4  protocol.o(.data.GROUP_CMD_SIZE)
    GROUP_TEMP_BASE                          0x2000001c   Data          16  protocol.o(.data.GROUP_TEMP_BASE)
    PI_Id                                    0x2000002c   Data          16  variable_initialize.o(.data.PI_Id)
    PI_Iq                                    0x2000003c   Data          16  variable_initialize.o(.data.PI_Iq)
    PI_Speed                                 0x2000004c   Data          16  variable_initialize.o(.data.PI_Speed)
    SystemCoreClock                          0x2000005c   Data           4  system_nm1240.o(.data.SystemCoreClock)
    TIME_SCALE_CNT                           0x20000060   Data           2  protocol.o(.data.TIME_SCALE_CNT)
    __HIRC                                   0x20000064   Data           4  system_nm1240.o(.data.__HIRC)
    GROUP0_CMD_temp                          0x20000068   Data          24  protocol.o(.bss.GROUP0_CMD_temp)
    GROUP1_CMD_temp                          0x20000080   Data          16  protocol.o(.bss.GROUP1_CMD_temp)
    GROUP2_CMD_temp                          0x20000090   Data          16  protocol.o(.bss.GROUP2_CMD_temp)
    GROUP3_CMD_temp                          0x200000a0   Data          16  protocol.o(.bss.GROUP3_CMD_temp)
    MICRO_TX_CNT                             0x200000b0   Data           2  protocol.o(.bss.MICRO_TX_CNT)
    MotorA                                   0x200000b4   Data         192  variable_initialize.o(.bss.MotorA)
    NVIC_IRQ_TEMP                            0x20000174   Data           4  protocol.o(.bss.NVIC_IRQ_TEMP)
    PWM_CTL_TEMP                             0x20000178   Data           4  protocol.o(.bss.PWM_CTL_TEMP)
    RX_data                                  0x2000017c   Data           7  protocol.o(.bss.RX_data)
    Refresh_group_req                        0x20000183   Data           2  protocol.o(.bss.Refresh_group_req)
    Refresh_sys_req                          0x20000185   Data           1  protocol.o(.bss.Refresh_sys_req)
    SYS_temp                                 0x20000188   Data           8  protocol.o(.bss.SYS_temp)
    TX_data                                  0x20000190   Data         100  protocol.o(.bss.TX_data)
    Tx_information_req                       0x200001f4   Data           1  protocol.o(.bss.Tx_information_req)
    UART_TX_TCNT                             0x200001f5   Data           1  protocol.o(.bss.UART_TX_TCNT)
    Update_macrocosm_fig_req                 0x200001f6   Data           1  protocol.o(.bss.Update_macrocosm_fig_req)
    Update_microcosm_fig_req                 0x200001f7   Data           1  protocol.o(.bss.Update_microcosm_fig_req)
    Update_microcosm_fig_trigger             0x200001f8   Data           1  protocol.o(.bss.Update_microcosm_fig_trigger)
    au32Config                               0x200001fc   Data           8  protocol.o(.bss.au32Config)
    counter_flash_LED                        0x20000204   Data           4  main.o(.bss.counter_flash_LED)
    i16_bak_Iu_ref                           0x20000208   Data           2  variable_initialize.o(.bss.i16_bak_Iu_ref)
    i16_bak_Iv_ref                           0x2000020a   Data           2  variable_initialize.o(.bss.i16_bak_Iv_ref)
    i16_bak_Iw_ref                           0x2000020c   Data           2  variable_initialize.o(.bss.i16_bak_Iw_ref)
    tempA                                    0x2000020e   Data           2  motor_funtions.o(.bss.tempA)
    tempB                                    0x20000210   Data           2  motor_funtions.o(.bss.tempB)
    tempC                                    0x20000212   Data           2  motor_funtions.o(.bss.tempC)
    tempD                                    0x20000214   Data           2  motor_funtions.o(.bss.tempD)
    test1                                    0x20000218   Data           4  int_isr.o(.bss.test1)
    test2                                    0x2000021c   Data           4  int_isr.o(.bss.test2)
    u16_100ms_time_counter                   0x20000220   Data           2  variable_initialize.o(.bss.u16_100ms_time_counter)
    u16_10ms_time_counter                    0x20000222   Data           2  variable_initialize.o(.bss.u16_10ms_time_counter)
    u16_1ms_timer_counter                    0x20000224   Data           2  variable_initialize.o(.bss.u16_1ms_timer_counter)
    u16_500ms_time_counter                   0x20000226   Data           2  variable_initialize.o(.bss.u16_500ms_time_counter)
    u16_timer0_int_counter                   0x20000228   Data           2  variable_initialize.o(.bss.u16_timer0_int_counter)
    u8_flag_100ms                            0x2000022a   Data           1  variable_initialize.o(.bss.u8_flag_100ms)
    u8_flag_10ms                             0x2000022b   Data           1  variable_initialize.o(.bss.u8_flag_10ms)
    u8_flag_1ms                              0x2000022c   Data           1  variable_initialize.o(.bss.u8_flag_1ms)
    u8_flag_500ms                            0x2000022d   Data           1  variable_initialize.o(.bss.u8_flag_500ms)
    u8_flag_UART_control                     0x2000022e   Data           1  variable_initialize.o(.bss.u8_flag_UART_control)
    u8_flag_VSP_control                      0x2000022f   Data           1  variable_initialize.o(.bss.u8_flag_VSP_control)
    __initial_sp                             0x20000630   Data           0  startup_nm1240.o(STACK)



==============================================================================

Memory Map of the image

  Image Entry point : 0x000000f1

  Load Region LR_1 (Base: 0x00000000, Size: 0x00004550, Max: 0xffffffff, ABSOLUTE)

    Execution Region ER_RO (Exec base: 0x00000000, Load base: 0x00000000, Size: 0x000044e8, Max: 0xffffffff, ABSOLUTE)

    Exec Addr    Load Addr    Size         Type   Attr      Idx    E Section Name        Object

    0x00000000   0x00000000   0x000000c0   Data   RO           50    RESET               startup_nm1240.o
    0x000000c0   0x000000c0   0x00000000   Code   RO          704  * .ARM.Collect$$$$00000000  mc_p.l(entry.o)
    0x000000c0   0x000000c0   0x00000004   Code   RO         1080    .ARM.Collect$$$$00000001  mc_p.l(entry2.o)
    0x000000c4   0x000000c4   0x00000004   Code   RO         1083    .ARM.Collect$$$$00000004  mc_p.l(entry5.o)
    0x000000c8   0x000000c8   0x00000000   Code   RO         1085    .ARM.Collect$$$$00000008  mc_p.l(entry7b.o)
    0x000000c8   0x000000c8   0x00000000   Code   RO         1087    .ARM.Collect$$$$0000000A  mc_p.l(entry8b.o)
    0x000000c8   0x000000c8   0x00000008   Code   RO         1088    .ARM.Collect$$$$0000000B  mc_p.l(entry9a.o)
    0x000000d0   0x000000d0   0x00000000   Code   RO         1090    .ARM.Collect$$$$0000000D  mc_p.l(entry10a.o)
    0x000000d0   0x000000d0   0x00000000   Code   RO         1092    .ARM.Collect$$$$0000000F  mc_p.l(entry11a.o)
    0x000000d0   0x000000d0   0x00000004   Code   RO         1081    .ARM.Collect$$$$00002712  mc_p.l(entry2.o)
    0x000000d4   0x000000d4   0x0000001c   Code   RO          980    .emb_text           svpwm_v02.lib(retarget.o)
    0x000000f0   0x000000f0   0x0000004c   Code   RO           51  * .text               startup_nm1240.o
    0x0000013c   0x0000013c   0x00000024   Code   RO          711    .text               mc_p.l(memcpya.o)
    0x00000160   0x00000160   0x00000024   Code   RO          713    .text               mc_p.l(memseta.o)
    0x00000184   0x00000184   0x0000003e   Code   RO         1098    .text               mc_p.l(uidiv_div0.o)
    0x000001c2   0x000001c2   0x00000060   Code   RO         1104    .text               mc_p.l(uldiv.o)
    0x00000222   0x00000222   0x00000002   PAD
    0x00000224   0x00000224   0x00000030   Code   RO         1117    .text               mc_p.l(init.o)
    0x00000254   0x00000254   0x00000020   Code   RO         1119    .text               mc_p.l(llshl.o)
    0x00000274   0x00000274   0x00000022   Code   RO         1121    .text               mc_p.l(llushr.o)
    0x00000296   0x00000296   0x00000002   PAD
    0x00000298   0x00000298   0x0000013c   Code   RO          231    .text.ADC0_IRQHandler  int_isr.o
    0x000003d4   0x000003d4   0x00000044   Code   RO          237    .text.BRAKE0_IRQHandler  int_isr.o
    0x00000418   0x00000418   0x00000010   Code   RO          106    .text.CLK_GetPCLKFreq  clk.o
    0x00000428   0x00000428   0x00000020   Code   RO          112    .text.CLK_WaitClockReady  clk.o
    0x00000448   0x00000448   0x0000005e   Code   RO          285    .text.Check_Rotor_FW_RW_M0  motor_funtions.o
    0x000004a6   0x000004a6   0x00000002   PAD
    0x000004a8   0x000004a8   0x00000154   Code   RO          379    .text.Command_update  protocol.o
    0x000005fc   0x000005fc   0x000000a4   Code   RO          303    .text.DAC_Module_Check  motor_funtions.o
    0x000006a0   0x000006a0   0x000000dc   Code   RO          301    .text.DAC_Output_M0  motor_funtions.o
    0x0000077c   0x0000077c   0x00000058   Code   RO          283    .text.Detect_Initial_Hall_Position_M0  motor_funtions.o
    0x000007d4   0x000007d4   0x000002bc   Code   RO          233    .text.ECAP_IRQHandler  int_isr.o
    0x00000a90   0x00000a90   0x00000014   Code   RO          235    .text.EPWM_IRQHandler  int_isr.o
    0x00000aa4   0x00000aa4   0x00000030   Code   RO          175    .text.FMC_Erase     fmc.o
    0x00000ad4   0x00000ad4   0x00000020   Code   RO          183    .text.FMC_Read      fmc.o
    0x00000af4   0x00000af4   0x00000028   Code   RO          199    .text.FMC_Write     fmc.o
    0x00000b1c   0x00000b1c   0x000001fc   Code   RO          281    .text.Fix_Phase_Angle_M0  motor_funtions.o
    0x00000d18   0x00000d18   0x00000024   Code   RO          421    .text.GDMA0_IRQHandler  protocol.o
    0x00000d3c   0x00000d3c   0x00000014   Code   RO          423    .text.GDMA1_IRQHandler  protocol.o
    0x00000d50   0x00000d50   0x000000b8   Code   RO          279    .text.HallSpeedEstimator  motor_funtions.o
    0x00000e08   0x00000e08   0x00000088   Code   RO          513    .text.Initialize_ACMP0  system_initialize.o
    0x00000e90   0x00000e90   0x0000003c   Code   RO          483    .text.Initialize_ADC  system_initialize.o
    0x00000ecc   0x00000ecc   0x000000fc   Code   RO          481    .text.Initialize_ECAP  system_initialize.o
    0x00000fc8   0x00000fc8   0x0000011c   Code   RO          467    .text.Initialize_EPWM  system_initialize.o
    0x000010e4   0x000010e4   0x000000b0   Code   RO          391    .text.Initialize_FMC  protocol.o
    0x00001194   0x00001194   0x000000c0   Code   RO          419    .text.Initialize_GDMA  protocol.o
    0x00001254   0x00001254   0x000000c0   Code   RO          519    .text.Initialize_GPIO  system_initialize.o
    0x00001314   0x00001314   0x00000010   Code   RO          521    .text.Initialize_HDIV  system_initialize.o
    0x00001324   0x00001324   0x00000038   Code   RO          558    .text.Initialize_Motor_Parameters  variable_initialize.o
    0x0000135c   0x0000135c   0x00000184   Code   RO          529    .text.Initialize_Motor_System  system_initialize.o
    0x000014e0   0x000014e0   0x00000058   Code   RO          511    .text.Initialize_OP1  system_initialize.o
    0x00001538   0x00001538   0x0000001c   Code   RO          560    .text.Initialize_PI_Parameters  variable_initialize.o
    0x00001554   0x00001554   0x00000010   Code   RO          523    .text.Initialize_Temperature_Sensor  system_initialize.o
    0x00001564   0x00001564   0x00000064   Code   RO          515    .text.Initialize_Timer0  system_initialize.o
    0x000015c8   0x000015c8   0x000000d4   Code   RO          517    .text.Initialize_USCI1_SPI1_for_DAC  system_initialize.o
    0x0000169c   0x0000169c   0x00000070   Code   RO          417    .text.Initialize_USCI_UART  protocol.o
    0x0000170c   0x0000170c   0x000000f8   Code   RO          556    .text.Initialize_Variabls  variable_initialize.o
    0x00001804   0x00001804   0x00000184   Code   RO          531    .text.Iu_Iv_Zero_Current_Calibration  system_initialize.o
    0x00001988   0x00001988   0x00000012   Code   RO          403    .text.Load_from_data_flash  protocol.o
    0x0000199a   0x0000199a   0x00000050   Code   RO          339    .text.PI_Id_current  pi_control.o
    0x000019ea   0x000019ea   0x0000004a   Code   RO          337    .text.PI_Iq_current  pi_control.o
    0x00001a34   0x00001a34   0x00000050   Code   RO          341    .text.PI_speed      pi_control.o
    0x00001a84   0x00001a84   0x0000008c   Code   RO          387    .text.Refresh       protocol.o
    0x00001b10   0x00001b10   0x000005a4   Code   RO          411    .text.Request_decode  protocol.o
    0x000020b4   0x000020b4   0x00000048   Code   RO          495    .text.SW_Trg_ADC0_P4_Return_Reslut  system_initialize.o
    0x000020fc   0x000020fc   0x00000048   Code   RO          489    .text.SW_Trg_ADC1_P7_Return_Reslut  system_initialize.o
    0x00002144   0x00002144   0x00000040   Code   RO          465    .text.SYS_Init_Clock  system_initialize.o
    0x00002184   0x00002184   0x00000048   Code   RO          505    .text.Set_ADC1_P1_ADC0_P3_Simu_HW_Trg_by_PWM0Period  system_initialize.o
    0x000021cc   0x000021cc   0x00000020   Code   RO          469    .text.Set_EPWM_MASK_Enable  system_initialize.o
    0x000021ec   0x000021ec   0x00000078   Code   RO          479    .text.Start_Motor_PWMOUT_ON  system_initialize.o
    0x00002264   0x00002264   0x00000090   Code   RO          477    .text.Stop_Motor_PWMOUT_OFF  system_initialize.o
    0x000022f4   0x000022f4   0x0000007c   Code   RO           34    .text.SystemCoreClockUpdate  system_nm1240.o
    0x00002370   0x00002370   0x00000002   Code   RO           36    .text.SystemInit    system_nm1240.o
    0x00002372   0x00002372   0x00000002   PAD
    0x00002374   0x00002374   0x0000015c   Code   RO          229    .text.TMR0_IRQHandler  int_isr.o
    0x000024d0   0x000024d0   0x000001e0   Code   RO          407    .text.TX_data_to_PC  protocol.o
    0x000026b0   0x000026b0   0x00000018   Code   RO          409    .text.Trigger_update_micro_fig  protocol.o
    0x000026c8   0x000026c8   0x0000012c   Code   RO           12    .text.UUART_Open    usci_uart.o
    0x000027f4   0x000027f4   0x00000070   Code   RO          260    .text.Vdq_to_SVPWM_2R  motor_foc.o
    0x00002864   0x00002864   0x00000038   Code   RO          258    .text._Iuvw_to_Idq  motor_foc.o
    0x0000289c   0x0000289c   0x0000009a   Code   RO          287    .text.cmd_speed_slope_with_hall  motor_funtions.o
    0x00002936   0x00002936   0x00000002   PAD
    0x00002938   0x00002938   0x000000b8   Code   RO          393    .text.data_flash_is_empty  protocol.o
    0x000029f0   0x000029f0   0x00000002   Code   RO          305    .text.delay_Xmsec   motor_funtions.o
    0x000029f2   0x000029f2   0x00000002   PAD
    0x000029f4   0x000029f4   0x000000c8   Code   RO          367    .text.initial_CMD   protocol.o
    0x00002abc   0x00002abc   0x000000a8   Code   RO          365    .text.initial_SYS   protocol.o
    0x00002b64   0x00002b64   0x00000098   Code   RO          215    .text.main          main.o
    0x00002bfc   0x00002bfc   0x00000048   Code   RO          291    .text.read_UART_Check_ON_OFF_Motor  motor_funtions.o
    0x00002c44   0x00002c44   0x00000058   Code   RO          289    .text.read_VSP_Check_ON_OFF_Motor  motor_funtions.o
    0x00002c9c   0x00002c9c   0x0000004c   Code   RO          295    .text.read_VSP_to_speed_cmd  motor_funtions.o
    0x00002ce8   0x00002ce8   0x00000178   Code   RO          395    .text.read_data_flash_to_CMD_temp  protocol.o
    0x00002e60   0x00002e60   0x000000c4   Code   RO          397    .text.read_data_flash_to_GUI  protocol.o
    0x00002f24   0x00002f24   0x000000d4   Code   RO          399    .text.write_data_flash_from_GUI  protocol.o
    0x00002ff8   0x00002ff8   0x00000028   Code   RO          982    i.Hard_Fault_Handler  svpwm_v02.lib(retarget.o)
    0x00003020   0x00003020   0x000001d4   Code   RO          592    i.SVPWM_2R          svpwm_v02.lib(svpwm.o)
    0x000031f4   0x000031f4   0x00000020   Code   RO          985    i.SendChar_ToUART   svpwm_v02.lib(retarget.o)
    0x00003214   0x00003214   0x00000020   Code   RO          850    i.__0printf$5       mc_p.l(printf5.o)
    0x00003234   0x00003234   0x0000000e   Code   RO         1131    i.__scatterload_copy  mc_p.l(handlers.o)
    0x00003242   0x00003242   0x00000002   Code   RO         1132    i.__scatterload_null  mc_p.l(handlers.o)
    0x00003244   0x00003244   0x0000000e   Code   RO         1133    i.__scatterload_zeroinit  mc_p.l(handlers.o)
    0x00003252   0x00003252   0x00000002   PAD
    0x00003254   0x00003254   0x000002dc   Code   RO          857    i._printf_core      mc_p.l(printf5.o)
    0x00003530   0x00003530   0x0000000c   Code   RO          989    i.fputc             svpwm_v02.lib(retarget.o)
    0x0000353c   0x0000353c   0x000000a8   Code   RO          991    i.stackDump         svpwm_v02.lib(retarget.o)
    0x000035e4   0x000035e4   0x000000e4   Data   RO          426    .rodata.GROUP0_CMD_LIST  protocol.o
    0x000036c8   0x000036c8   0x00000098   Data   RO          427    .rodata.GROUP1_CMD_LIST  protocol.o
    0x00003760   0x00003760   0x00000098   Data   RO          428    .rodata.GROUP2_CMD_LIST  protocol.o
    0x000037f8   0x000037f8   0x00000098   Data   RO          429    .rodata.GROUP3_CMD_LIST  protocol.o
    0x00003890   0x00003890   0x00000120   Data   RO          430    .rodata.INFO_LIST   protocol.o
    0x000039b0   0x000039b0   0x00000120   Data   RO          432    .rodata.MACRO_LIST  protocol.o
    0x00003ad0   0x00003ad0   0x000001b0   Data   RO          431    .rodata.MICRO_LIST  protocol.o
    0x00003c80   0x00003c80   0x00000048   Data   RO          425    .rodata.SYS_LIST    protocol.o
    0x00003cc8   0x00003cc8   0x00000800   Data   RO          262    .rodata.sinTab      motor_foc.o
    0x000044c8   0x000044c8   0x00000020   Data   RO         1130    Region$$Table       anon$$obj.o


    Execution Region ER_RW (Exec base: 0x20000000, Load base: 0x000044e8, Size: 0x00000068, Max: 0xffffffff, ABSOLUTE)

    Exec Addr    Load Addr    Size         Type   Attr      Idx    E Section Name        Object

    0x20000000   0x000044e8   0x00000004   Data   RW          992    .data               svpwm_v02.lib(retarget.o)
    0x20000004   0x000044ec   0x00000004   Data   RW           40    .data.CyclesPerUs   system_nm1240.o
    0x20000008   0x000044f0   0x00000010   Data   RW          445    .data.GROUP_CMD_BASE  protocol.o
    0x20000018   0x00004500   0x00000004   Data   RW          446    .data.GROUP_CMD_SIZE  protocol.o
    0x2000001c   0x00004504   0x00000010   Data   RW          451    .data.GROUP_TEMP_BASE  protocol.o
    0x2000002c   0x00004514   0x00000010   Data   RW          563    .data.PI_Id         variable_initialize.o
    0x2000003c   0x00004524   0x00000010   Data   RW          562    .data.PI_Iq         variable_initialize.o
    0x2000004c   0x00004534   0x00000010   Data   RW          564    .data.PI_Speed      variable_initialize.o
    0x2000005c   0x00004544   0x00000004   Data   RW           39    .data.SystemCoreClock  system_nm1240.o
    0x20000060   0x00004548   0x00000002   Data   RW          433    .data.TIME_SCALE_CNT  protocol.o
    0x20000062   0x0000454a   0x00000002   PAD
    0x20000064   0x0000454c   0x00000004   Data   RW           38    .data.__HIRC        system_nm1240.o


    Execution Region ER_ZI (Exec base: 0x20000068, Load base: 0x00004550, Size: 0x000005c8, Max: 0xffffffff, ABSOLUTE)

    Exec Addr    Load Addr    Size         Type   Attr      Idx    E Section Name        Object

    0x20000068        -       0x00000018   Zero   RW          447    .bss.GROUP0_CMD_temp  protocol.o
    0x20000080        -       0x00000010   Zero   RW          448    .bss.GROUP1_CMD_temp  protocol.o
    0x20000090        -       0x00000010   Zero   RW          449    .bss.GROUP2_CMD_temp  protocol.o
    0x200000a0        -       0x00000010   Zero   RW          450    .bss.GROUP3_CMD_temp  protocol.o
    0x200000b0        -       0x00000002   Zero   RW          455    .bss.MICRO_TX_CNT   protocol.o
    0x200000b2   0x00004550   0x00000002   PAD
    0x200000b4        -       0x000000c0   Zero   RW          565    .bss.MotorA         variable_initialize.o
    0x20000174        -       0x00000004   Zero   RW          454    .bss.NVIC_IRQ_TEMP  protocol.o
    0x20000178        -       0x00000004   Zero   RW          456    .bss.PWM_CTL_TEMP   protocol.o
    0x2000017c        -       0x00000007   Zero   RW          441    .bss.RX_data        protocol.o
    0x20000183        -       0x00000002   Zero   RW          438    .bss.Refresh_group_req  protocol.o
    0x20000185        -       0x00000001   Zero   RW          439    .bss.Refresh_sys_req  protocol.o
    0x20000186   0x00004550   0x00000002   PAD
    0x20000188        -       0x00000008   Zero   RW          452    .bss.SYS_temp       protocol.o
    0x20000190        -       0x00000064   Zero   RW          442    .bss.TX_data        protocol.o
    0x200001f4        -       0x00000001   Zero   RW          436    .bss.Tx_information_req  protocol.o
    0x200001f5        -       0x00000001   Zero   RW          443    .bss.UART_TX_TCNT   protocol.o
    0x200001f6        -       0x00000001   Zero   RW          435    .bss.Update_macrocosm_fig_req  protocol.o
    0x200001f7        -       0x00000001   Zero   RW          434    .bss.Update_microcosm_fig_req  protocol.o
    0x200001f8        -       0x00000001   Zero   RW          437    .bss.Update_microcosm_fig_trigger  protocol.o
    0x200001f9   0x00004550   0x00000003   PAD
    0x200001fc        -       0x00000008   Zero   RW          453    .bss.au32Config     protocol.o
    0x20000204        -       0x00000004   Zero   RW          217    .bss.counter_flash_LED  main.o
    0x20000208        -       0x00000002   Zero   RW          579    .bss.i16_bak_Iu_ref  variable_initialize.o
    0x2000020a        -       0x00000002   Zero   RW          580    .bss.i16_bak_Iv_ref  variable_initialize.o
    0x2000020c        -       0x00000002   Zero   RW          581    .bss.i16_bak_Iw_ref  variable_initialize.o
    0x2000020e        -       0x00000002   Zero   RW          311    .bss.tempA          motor_funtions.o
    0x20000210        -       0x00000002   Zero   RW          312    .bss.tempB          motor_funtions.o
    0x20000212        -       0x00000002   Zero   RW          313    .bss.tempC          motor_funtions.o
    0x20000214        -       0x00000002   Zero   RW          314    .bss.tempD          motor_funtions.o
    0x20000216   0x00004550   0x00000002   PAD
    0x20000218        -       0x00000004   Zero   RW          240    .bss.test1          int_isr.o
    0x2000021c        -       0x00000004   Zero   RW          241    .bss.test2          int_isr.o
    0x20000220        -       0x00000002   Zero   RW          577    .bss.u16_100ms_time_counter  variable_initialize.o
    0x20000222        -       0x00000002   Zero   RW          576    .bss.u16_10ms_time_counter  variable_initialize.o
    0x20000224        -       0x00000002   Zero   RW          575    .bss.u16_1ms_timer_counter  variable_initialize.o
    0x20000226        -       0x00000002   Zero   RW          578    .bss.u16_500ms_time_counter  variable_initialize.o
    0x20000228        -       0x00000002   Zero   RW          574    .bss.u16_timer0_int_counter  variable_initialize.o
    0x2000022a        -       0x00000001   Zero   RW          572    .bss.u8_flag_100ms  variable_initialize.o
    0x2000022b        -       0x00000001   Zero   RW          571    .bss.u8_flag_10ms   variable_initialize.o
    0x2000022c        -       0x00000001   Zero   RW          570    .bss.u8_flag_1ms    variable_initialize.o
    0x2000022d        -       0x00000001   Zero   RW          573    .bss.u8_flag_500ms  variable_initialize.o
    0x2000022e        -       0x00000001   Zero   RW          567    .bss.u8_flag_UART_control  variable_initialize.o
    0x2000022f        -       0x00000001   Zero   RW          566    .bss.u8_flag_VSP_control  variable_initialize.o
    0x20000230        -       0x00000400   Zero   RW           48    STACK               startup_nm1240.o


==============================================================================

Image component sizes


      Code (inc. data)   RO Data    RW Data    ZI Data      Debug   Object Name

        48         12          0          0          0       6428   clk.o
       120          8          0          0          0       4659   fmc.o
      1452        200          0          0          8       6661   int_isr.o
       152         12          0          0          4        929   main.o
       168          4       2048          0          0       6200   motor_foc.o
      1650        162          0          0          8      12708   motor_funtions.o
       234          0          0          0          0       6453   pi_control.o
      4318        652       1764         38        213      21995   protocol.o
        76         32        192          0       1024       1052   startup_nm1240.o
      2708        312          0          0          0      17103   system_initialize.o
       126         44          0         12          0       1964   system_nm1240.o
       300         12          0          0          0       7493   usci_uart.o
       332         84          0         48        214       4877   variable_initialize.o

    ----------------------------------------------------------------------
     11692       1534       4036        100       1480      98522   Object Totals
         0          0         32          0          0          0   (incl. Generated)
         8          0          0          2          9          0   (incl. Padding)

    ----------------------------------------------------------------------

      Code (inc. data)   RO Data    RW Data    ZI Data      Debug   Library Member Name

         0          0          0          0          0          0   entry.o
         0          0          0          0          0          0   entry10a.o
         0          0          0          0          0          0   entry11a.o
         8          4          0          0          0          0   entry2.o
         4          0          0          0          0          0   entry5.o
         0          0          0          0          0          0   entry7b.o
         0          0          0          0          0          0   entry8b.o
         8          4          0          0          0          0   entry9a.o
        30          0          0          0          0          0   handlers.o
        48         10          0          0          0         68   init.o
        32          0          0          0          0         68   llshl.o
        34          0          0          0          0         68   llushr.o
        36          0          0          0          0         60   memcpya.o
        36          0          0          0          0        100   memseta.o
       764         52          0          0          0        168   printf5.o
        62          0          0          0          0         72   uidiv_div0.o
        96          0          0          0          0         84   uldiv.o
       280        132          0          4          0       5102   retarget.o
       468         14          0          0          0      10029   svpwm.o

    ----------------------------------------------------------------------
      1912        216          0          4          0      15819   Library Totals
         6          0          0          0          0          0   (incl. Padding)

    ----------------------------------------------------------------------

      Code (inc. data)   RO Data    RW Data    ZI Data      Debug   Library Name

      1158         70          0          0          0        688   mc_p.l
       748        146          0          4          0      15131   svpwm_v02.lib

    ----------------------------------------------------------------------
      1912        216          0          4          0      15819   Library Totals

    ----------------------------------------------------------------------

==============================================================================


      Code (inc. data)   RO Data    RW Data    ZI Data      Debug   

     13604       1750       4036        104       1480     113781   Grand Totals
     13604       1750       4036        104       1480     113781   ELF Image Totals
     13604       1750       4036        104          0          0   ROM Totals

==============================================================================

    Total RO  Size (Code + RO Data)                17640 (  17.23kB)
    Total RW  Size (RW Data + ZI Data)              1584 (   1.55kB)
    Total ROM Size (Code + RO Data + RW Data)      17744 (  17.33kB)

==============================================================================

