


ARM Macro Assembler    Page 1 


    1 00000000         ;/*-----------------------------------------------------
                       ----------------------------------------------------*/
    2 00000000         ;/*                                                     
                                                                           */
    3 00000000         ;/* Copyright(c) 2018 Nuvoton Technology Corp. All right
                       s reserved.                                         */
    4 00000000         ;/*                                                     
                                                                           */
    5 00000000         ;/*-----------------------------------------------------
                       ----------------------------------------------------*/
    6 00000000         
    7 00000000         
    8 00000000         
    9 00000000 00000400 
                       Stack_Size
                               EQU              0x00000400
   10 00000000         
   11 00000000                 AREA             STACK, NOINIT, READWRITE, ALIGN
=3
   12 00000000         Stack_Mem
                               SPACE            Stack_Size
   13 00000400         __initial_sp
   14 00000400         
   15 00000400         
   16 00000400         ; <h> Heap Configuration
   17 00000400         ;   <o>  Heap Size (in Bytes) <0x0-0xFFFFFFFF:8>
   18 00000400         ; </h>
   19 00000400                 IF               :LNOT: :DEF: Heap_Size
   21                          ENDIF
   22 00000400                 AREA             HEAP, NOINIT, READWRITE, ALIGN=
3
   23 00000000         __heap_base
   24 00000000         Heap_Mem
                               SPACE            Heap_Size
   25 00000000         __heap_limit
   26 00000000         
   27 00000000         
   28 00000000                 PRESERVE8
   29 00000000                 THUMB
   30 00000000         
   31 00000000         
   32 00000000         ; Vector Table Mapped to Address 0 at Reset
   33 00000000                 AREA             RESET, DATA, READONLY
   34 00000000                 EXPORT           __Vectors
   35 00000000         
   36 00000000 00000000 
                       __Vectors
                               DCD              __initial_sp ; Top of Stack
   37 00000004 00000000        DCD              Reset_Handler ; Reset Handler
   38 00000008 00000000        DCD              NMI_Handler ; NMI Handler
   39 0000000C 00000000        DCD              HardFault_Handler ; Hard Fault 
                                                            Handler
   40 00000010 00000000        DCD              0           ; Reserved
   41 00000014 00000000        DCD              0           ; Reserved
   42 00000018 00000000        DCD              0           ; Reserved
   43 0000001C 00000000        DCD              0           ; Reserved
   44 00000020 00000000        DCD              0           ; Reserved
   45 00000024 00000000        DCD              0           ; Reserved
   46 00000028 00000000        DCD              0           ; Reserved



ARM Macro Assembler    Page 2 


   47 0000002C 00000000        DCD              SVC_Handler ; SVCall Handler
   48 00000030 00000000        DCD              0           ; Reserved
   49 00000034 00000000        DCD              0           ; Reserved
   50 00000038 00000000        DCD              PendSV_Handler ; PendSV Handler
                                                            
   51 0000003C 00000000        DCD              SysTick_Handler 
                                                            ; SysTick Handler
   52 00000040         
   53 00000040         ; External Interrupts
   54 00000040         ; maximum of 32 External Interrupts are possible
   55 00000040 00000000        DCD              BOD_IRQHandler ;  0: Brown-Out 
                                                            low voltage detecte
                                                            d interrupt
   56 00000044 00000000        DCD              WDT_IRQHandler ;  1: Watchdog T
                                                            imer interrupt
   57 00000048 00000000        DCD              Default_Handler ;  2: Reserved
   58 0000004C 00000000        DCD              USCI1_IRQHandler ;  3: USCI1 in
                                                            terrupt
   59 00000050 00000000        DCD              GPIO_IRQHandler ;  4: External 
                                                            interrupt from GPA 
                                                            ~ GPF pins
   60 00000054 00000000        DCD              EPWM_IRQHandler ;  5: EPWM inte
                                                            rrupt
   61 00000058 00000000        DCD              BRAKE0_IRQHandler ;  6: EPWM br
                                                            ake interrupt from 
                                                            PWM0 or PWM_BRAKE p
                                                            in
   62 0000005C 00000000        DCD              BRAKE1_IRQHandler ;  7: EPWM br
                                                            ake interrupt from 
                                                            PWM1
   63 00000060 00000000        DCD              BPWM0_IRQHandler ;  8: BPWM0 in
                                                            terrupt
   64 00000064 00000000        DCD              BPWM1_IRQHandler ;  9: BPWM1 in
                                                            terrupt
   65 00000068 00000000        DCD              Default_Handler ; 10: Reserved
   66 0000006C 00000000        DCD              USCI2_IRQHandler ; 11: USCI2 in
                                                            terrupt
   67 00000070 00000000        DCD              Default_Handler ; 12: Reserved
   68 00000074 00000000        DCD              Default_Handler ; 13: Reserved
   69 00000078 00000000        DCD              Default_Handler ; 14: Reserved
   70 0000007C 00000000        DCD              ECAP_IRQHandler ; 15: Enhanced 
                                                            Input Capture inter
                                                            rupt
   71 00000080 00000000        DCD              CCAP_IRQHandler ; 16: Continues
                                                             Input Capture inte
                                                            rrupt
   72 00000084 00000000        DCD              Default_Handler ; 17: Reserved
   73 00000088 00000000        DCD              Default_Handler ; 18: Reserved
   74 0000008C 00000000        DCD              GDMA0_IRQHandler ; 19: GDMA_CH0
                                                             interrupt         
                                                                               
                                                                         
   75 00000090 00000000        DCD              GDMA1_IRQHandler ; 20: GDMA_CH1
                                                             interrupt 
   76 00000094 00000000        DCD              HIRCTRIM_IRQHandler ; 21: HIRC 
                                                            TRIM interrupt
   77 00000098 00000000        DCD              TMR0_IRQHandler ; 22: Timer 0 i
                                                            nterrupt
   78 0000009C 00000000        DCD              TMR1_IRQHandler ; 23: Timer 1 i



ARM Macro Assembler    Page 3 


                                                            nterrupt
   79 000000A0 00000000        DCD              TMR2_IRQHandler ; 24: Timer 2 i
                                                            nterrupt
   80 000000A4 00000000        DCD              Default_Handler ; 25: Reserved
   81 000000A8 00000000        DCD              ACMP_IRQHandler ; 26: Analog Co
                                                            mparator 0 or Compa
                                                            rator 1 interrupt
   82 000000AC 00000000        DCD              Default_Handler ; 27: Reserved
   83 000000B0 00000000        DCD              PWRWU_IRQHandler ; 28: Chip wak
                                                            e-up from Power-dow
                                                            n state interrupt
   84 000000B4 00000000        DCD              ADC0_IRQHandler ; 29: ADC0 inte
                                                            rrupt
   85 000000B8 00000000        DCD              ADC1_IRQHandler ; 30: ADC1 inte
                                                            rrupt
   86 000000BC 00000000        DCD              Default_Handler ; 31: Reserved
   87 000000C0         
   88 000000C0                 AREA             |.text|, CODE, READONLY
   89 00000000         
   90 00000000         ; Reset Handler
   91 00000000         
   92 00000000                 ENTRY
   93 00000000         
   94 00000000         Reset_Handler
                               PROC
   95 00000000                 EXPORT           Reset_Handler           [WEAK]
   96 00000000                 IMPORT           SystemInit
   97 00000000                 IMPORT           __main
   98 00000000         
   99 00000000 480A            LDR              R0, =0x50000100
  100 00000002         ; Unlock Register
  101 00000002 490B            LDR              R1, =0x59
  102 00000004 6001            STR              R1, [R0]
  103 00000006 490B            LDR              R1, =0x16
  104 00000008 6001            STR              R1, [R0]
  105 0000000A 490B            LDR              R1, =0x88
  106 0000000C 6001            STR              R1, [R0]
  107 0000000E         
  108 0000000E         ; Init POR
  109 0000000E 4A0B            LDR              R2, =0x50000024
  110 00000010 490B            LDR              R1, =0x00005AA5
  111 00000012 6011            STR              R1, [R2]
  112 00000014         
  113 00000014         ; Lock register
  114 00000014 2100            MOVS             R1, #0
  115 00000016 6001            STR              R1, [R0]
  116 00000018         
  117 00000018 480A            LDR              R0, =SystemInit
  118 0000001A 4780            BLX              R0
  119 0000001C 480A            LDR              R0, =__main
  120 0000001E 4700            BX               R0
  121 00000020                 ENDP
  122 00000020         
  123 00000020         
  124 00000020         ; Dummy Exception Handlers (infinite loops which can be 
                       modified)
  125 00000020         
  126 00000020         NMI_Handler
                               PROC



ARM Macro Assembler    Page 4 


  127 00000020                 EXPORT           NMI_Handler             [WEAK]
  128 00000020 E7FE            B                .
  129 00000022                 ENDP
  131 00000022         HardFault_Handler
                               PROC
  132 00000022                 EXPORT           HardFault_Handler       [WEAK]
  133 00000022 E7FE            B                .
  134 00000024                 ENDP
  135 00000024         SVC_Handler
                               PROC
  136 00000024                 EXPORT           SVC_Handler             [WEAK]
  137 00000024 E7FE            B                .
  138 00000026                 ENDP
  139 00000026         PendSV_Handler
                               PROC
  140 00000026                 EXPORT           PendSV_Handler          [WEAK]
  141 00000026 E7FE            B                .
  142 00000028                 ENDP
  143 00000028         SysTick_Handler
                               PROC
  144 00000028                 EXPORT           SysTick_Handler         [WEAK]
  145 00000028 E7FE            B                .
  146 0000002A                 ENDP
  147 0000002A         
  148 0000002A         Default_Handler
                               PROC
  149 0000002A         
  150 0000002A                 EXPORT           BOD_IRQHandler          [WEAK]
  151 0000002A                 EXPORT           WDT_IRQHandler          [WEAK]
  152 0000002A                 EXPORT           USCI1_IRQHandler        [WEAK]
  153 0000002A                 EXPORT           GPIO_IRQHandler         [WEAK]
  154 0000002A                 EXPORT           EPWM_IRQHandler         [WEAK]
  155 0000002A                 EXPORT           BRAKE0_IRQHandler       [WEAK]
  156 0000002A                 EXPORT           BRAKE1_IRQHandler       [WEAK]
  157 0000002A                 EXPORT           BPWM0_IRQHandler        [WEAK]
  158 0000002A                 EXPORT           BPWM1_IRQHandler        [WEAK]
  159 0000002A                 EXPORT           USCI2_IRQHandler        [WEAK]
  160 0000002A                 EXPORT           ECAP_IRQHandler         [WEAK]
  161 0000002A                 EXPORT           CCAP_IRQHandler         [WEAK]
  162 0000002A                 EXPORT           GDMA0_IRQHandler        [WEAK]
  163 0000002A                 EXPORT           GDMA1_IRQHandler        [WEAK]
  164 0000002A                 EXPORT           HIRCTRIM_IRQHandler     [WEAK]
  165 0000002A                 EXPORT           TMR0_IRQHandler         [WEAK]
  166 0000002A                 EXPORT           TMR1_IRQHandler         [WEAK]
  167 0000002A                 EXPORT           ACMP_IRQHandler         [WEAK]
  168 0000002A                 EXPORT           PWRWU_IRQHandler        [WEAK]
  169 0000002A                 EXPORT           ADC0_IRQHandler         [WEAK]
  170 0000002A                 EXPORT           ADC1_IRQHandler         [WEAK]
  171 0000002A         
  172 0000002A         
  173 0000002A         
  174 0000002A         BOD_IRQHandler
  175 0000002A         WDT_IRQHandler
  176 0000002A         USCI1_IRQHandler
  177 0000002A         GPIO_IRQHandler
  178 0000002A         EPWM_IRQHandler
  179 0000002A         BRAKE0_IRQHandler
  180 0000002A         BRAKE1_IRQHandler
  181 0000002A         BPWM0_IRQHandler



ARM Macro Assembler    Page 5 


  182 0000002A         BPWM1_IRQHandler
  183 0000002A         USCI2_IRQHandler
  184 0000002A         ECAP_IRQHandler
  185 0000002A         CCAP_IRQHandler
  186 0000002A         GDMA0_IRQHandler
  187 0000002A         GDMA1_IRQHandler
  188 0000002A         HIRCTRIM_IRQHandler
  189 0000002A         TMR0_IRQHandler
  190 0000002A         TMR1_IRQHandler
  191 0000002A         TMR2_IRQHandler
  192 0000002A         ACMP_IRQHandler
  193 0000002A         PWRWU_IRQHandler
  194 0000002A         ADC0_IRQHandler
  195 0000002A         ADC1_IRQHandler
  196 0000002A         
  197 0000002A E7FE            B                .
  198 0000002C                 ENDP
  199 0000002C         
  200 0000002C         
  201 0000002C                 ALIGN
  202 0000002C         
  203 0000002C         
  204 0000002C         ; User Initial Stack & Heap
  205 0000002C         
  206 0000002C                 IF               :DEF:__MICROLIB
  207 0000002C         
  208 0000002C                 EXPORT           __initial_sp
  209 0000002C                 EXPORT           __heap_base
  210 0000002C                 EXPORT           __heap_limit
  211 0000002C         
  212 0000002C                 ELSE
  226                          ENDIF
  227 0000002C         
  228 0000002C                 END
              50000100 
              00000059 
              00000016 
              00000088 
              50000024 
              00005AA5 
              00000000 
              00000000 
Command Line: --debug --xref --diag_suppress=A1950W --cpu=Cortex-M0 --depend=.\
obj\startup_nm1240.d -o.\obj\startup_nm1240.o -I.\RTE\_NM1230_1R_2R_6stp_Hall_F
OC -IC:\Users\JPChang0\AppData\Local\Keil_v6\ARM\Packs\ARM\CMSIS\6.2.0\CMSIS\Co
re\Include -IC:\Users\JPChang0\AppData\Local\Keil_v6\ARM\Packs\Nuvoton\NuMicro_
DFP\1.3.9\Device\NM1240\Include --predefine="__EVAL SETA 1" --predefine="__MICR
OLIB SETA 1" --predefine="__UVISION_VERSION SETA 543" --predefine="_RTE_ SETA 1
" --list=.\lst\startup_nm1240.lst "C:\Users\JPChang0\Desktop\nuvoTon\!Project-N
uMotor Solution\!Development of NM1244\[Example Code] NuMotor NM1240_Rev4.1_202
50806\SW\Library\Device\Nuvoton\NM1240\Source\ARM\startup_NM1240.s"



ARM Macro Assembler    Page 1 Alphabetic symbol ordering
Relocatable symbols

STACK 00000000

Symbol: STACK
   Definitions
      At line 11 in file C:\Users\JPChang0\Desktop\nuvoTon\!Project-NuMotor
   Uses
      None
Comment: STACK unused
Stack_Mem 00000000

Symbol: Stack_Mem
   Definitions
      At line 12 in file C:\Users\JPChang0\Desktop\nuvoTon\!Project-NuMotor
   Uses
      None
Comment: Stack_Mem unused
__initial_sp 00000400

Symbol: __initial_sp
   Definitions
      At line 13 in file C:\Users\JPChang0\Desktop\nuvoTon\!Project-NuMotor
   Uses
      At line 36 in file C:\Users\JPChang0\Desktop\nuvoTon\!Project-NuMotor
      At line 208 in file C:\Users\JPChang0\Desktop\nuvoTon\!Project-NuMotor

3 symbols



ARM Macro Assembler    Page 1 Alphabetic symbol ordering
Relocatable symbols

HEAP 00000000

Symbol: HEAP
   Definitions
      At line 22 in file C:\Users\JPChang0\Desktop\nuvoTon\!Project-NuMotor
   Uses
      None
Comment: HEAP unused
Heap_Mem 00000000

Symbol: Heap_Mem
   Definitions
      At line 24 in file C:\Users\JPChang0\Desktop\nuvoTon\!Project-NuMotor
   Uses
      None
Comment: Heap_Mem unused
__heap_base 00000000

Symbol: __heap_base
   Definitions
      At line 23 in file C:\Users\JPChang0\Desktop\nuvoTon\!Project-NuMotor
   Uses
      At line 209 in file C:\Users\JPChang0\Desktop\nuvoTon\!Project-NuMotor
Comment: __heap_base used once
__heap_limit 00000000

Symbol: __heap_limit
   Definitions
      At line 25 in file C:\Users\JPChang0\Desktop\nuvoTon\!Project-NuMotor
   Uses
      At line 210 in file C:\Users\JPChang0\Desktop\nuvoTon\!Project-NuMotor
Comment: __heap_limit used once
4 symbols



ARM Macro Assembler    Page 1 Alphabetic symbol ordering
Relocatable symbols

RESET 00000000

Symbol: RESET
   Definitions
      At line 33 in file C:\Users\JPChang0\Desktop\nuvoTon\!Project-NuMotor
   Uses
      None
Comment: RESET unused
__Vectors 00000000

Symbol: __Vectors
   Definitions
      At line 36 in file C:\Users\JPChang0\Desktop\nuvoTon\!Project-NuMotor
   Uses
      At line 34 in file C:\Users\JPChang0\Desktop\nuvoTon\!Project-NuMotor
Comment: __Vectors used once
2 symbols



ARM Macro Assembler    Page 1 Alphabetic symbol ordering
Relocatable symbols

.text 00000000

Symbol: .text
   Definitions
      At line 88 in file C:\Users\JPChang0\Desktop\nuvoTon\!Project-NuMotor
   Uses
      None
Comment: .text unused
ACMP_IRQHandler 0000002A

Symbol: ACMP_IRQHandler
   Definitions
      At line 192 in file C:\Users\JPChang0\Desktop\nuvoTon\!Project-NuMotor
   Uses
      At line 81 in file C:\Users\JPChang0\Desktop\nuvoTon\!Project-NuMotor
      At line 167 in file C:\Users\JPChang0\Desktop\nuvoTon\!Project-NuMotor

ADC0_IRQHandler 0000002A

Symbol: ADC0_IRQHandler
   Definitions
      At line 194 in file C:\Users\JPChang0\Desktop\nuvoTon\!Project-NuMotor
   Uses
      At line 84 in file C:\Users\JPChang0\Desktop\nuvoTon\!Project-NuMotor
      At line 169 in file C:\Users\JPChang0\Desktop\nuvoTon\!Project-NuMotor

ADC1_IRQHandler 0000002A

Symbol: ADC1_IRQHandler
   Definitions
      At line 195 in file C:\Users\JPChang0\Desktop\nuvoTon\!Project-NuMotor
   Uses
      At line 85 in file C:\Users\JPChang0\Desktop\nuvoTon\!Project-NuMotor
      At line 170 in file C:\Users\JPChang0\Desktop\nuvoTon\!Project-NuMotor

BOD_IRQHandler 0000002A

Symbol: BOD_IRQHandler
   Definitions
      At line 174 in file C:\Users\JPChang0\Desktop\nuvoTon\!Project-NuMotor
   Uses
      At line 55 in file C:\Users\JPChang0\Desktop\nuvoTon\!Project-NuMotor
      At line 150 in file C:\Users\JPChang0\Desktop\nuvoTon\!Project-NuMotor

BPWM0_IRQHandler 0000002A

Symbol: BPWM0_IRQHandler
   Definitions
      At line 181 in file C:\Users\JPChang0\Desktop\nuvoTon\!Project-NuMotor
   Uses
      At line 63 in file C:\Users\JPChang0\Desktop\nuvoTon\!Project-NuMotor
      At line 157 in file C:\Users\JPChang0\Desktop\nuvoTon\!Project-NuMotor

BPWM1_IRQHandler 0000002A

Symbol: BPWM1_IRQHandler
   Definitions
      At line 182 in file C:\Users\JPChang0\Desktop\nuvoTon\!Project-NuMotor
   Uses



ARM Macro Assembler    Page 2 Alphabetic symbol ordering
Relocatable symbols

      At line 64 in file C:\Users\JPChang0\Desktop\nuvoTon\!Project-NuMotor
      At line 158 in file C:\Users\JPChang0\Desktop\nuvoTon\!Project-NuMotor

BRAKE0_IRQHandler 0000002A

Symbol: BRAKE0_IRQHandler
   Definitions
      At line 179 in file C:\Users\JPChang0\Desktop\nuvoTon\!Project-NuMotor
   Uses
      At line 61 in file C:\Users\JPChang0\Desktop\nuvoTon\!Project-NuMotor
      At line 155 in file C:\Users\JPChang0\Desktop\nuvoTon\!Project-NuMotor

BRAKE1_IRQHandler 0000002A

Symbol: BRAKE1_IRQHandler
   Definitions
      At line 180 in file C:\Users\JPChang0\Desktop\nuvoTon\!Project-NuMotor
   Uses
      At line 62 in file C:\Users\JPChang0\Desktop\nuvoTon\!Project-NuMotor
      At line 156 in file C:\Users\JPChang0\Desktop\nuvoTon\!Project-NuMotor

CCAP_IRQHandler 0000002A

Symbol: CCAP_IRQHandler
   Definitions
      At line 185 in file C:\Users\JPChang0\Desktop\nuvoTon\!Project-NuMotor
   Uses
      At line 71 in file C:\Users\JPChang0\Desktop\nuvoTon\!Project-NuMotor
      At line 161 in file C:\Users\JPChang0\Desktop\nuvoTon\!Project-NuMotor

Default_Handler 0000002A

Symbol: Default_Handler
   Definitions
      At line 148 in file C:\Users\JPChang0\Desktop\nuvoTon\!Project-NuMotor
   Uses
      At line 57 in file C:\Users\JPChang0\Desktop\nuvoTon\!Project-NuMotor
      At line 65 in file C:\Users\JPChang0\Desktop\nuvoTon\!Project-NuMotor
      At line 67 in file C:\Users\JPChang0\Desktop\nuvoTon\!Project-NuMotor
      At line 68 in file C:\Users\JPChang0\Desktop\nuvoTon\!Project-NuMotor
      At line 69 in file C:\Users\JPChang0\Desktop\nuvoTon\!Project-NuMotor
      At line 72 in file C:\Users\JPChang0\Desktop\nuvoTon\!Project-NuMotor
      At line 73 in file C:\Users\JPChang0\Desktop\nuvoTon\!Project-NuMotor
      At line 80 in file C:\Users\JPChang0\Desktop\nuvoTon\!Project-NuMotor
      At line 82 in file C:\Users\JPChang0\Desktop\nuvoTon\!Project-NuMotor
      At line 86 in file C:\Users\JPChang0\Desktop\nuvoTon\!Project-NuMotor

ECAP_IRQHandler 0000002A

Symbol: ECAP_IRQHandler
   Definitions
      At line 184 in file C:\Users\JPChang0\Desktop\nuvoTon\!Project-NuMotor
   Uses
      At line 70 in file C:\Users\JPChang0\Desktop\nuvoTon\!Project-NuMotor
      At line 160 in file C:\Users\JPChang0\Desktop\nuvoTon\!Project-NuMotor

EPWM_IRQHandler 0000002A

Symbol: EPWM_IRQHandler



ARM Macro Assembler    Page 3 Alphabetic symbol ordering
Relocatable symbols

   Definitions
      At line 178 in file C:\Users\JPChang0\Desktop\nuvoTon\!Project-NuMotor
   Uses
      At line 60 in file C:\Users\JPChang0\Desktop\nuvoTon\!Project-NuMotor
      At line 154 in file C:\Users\JPChang0\Desktop\nuvoTon\!Project-NuMotor

GDMA0_IRQHandler 0000002A

Symbol: GDMA0_IRQHandler
   Definitions
      At line 186 in file C:\Users\JPChang0\Desktop\nuvoTon\!Project-NuMotor
   Uses
      At line 74 in file C:\Users\JPChang0\Desktop\nuvoTon\!Project-NuMotor
      At line 162 in file C:\Users\JPChang0\Desktop\nuvoTon\!Project-NuMotor

GDMA1_IRQHandler 0000002A

Symbol: GDMA1_IRQHandler
   Definitions
      At line 187 in file C:\Users\JPChang0\Desktop\nuvoTon\!Project-NuMotor
   Uses
      At line 75 in file C:\Users\JPChang0\Desktop\nuvoTon\!Project-NuMotor
      At line 163 in file C:\Users\JPChang0\Desktop\nuvoTon\!Project-NuMotor

GPIO_IRQHandler 0000002A

Symbol: GPIO_IRQHandler
   Definitions
      At line 177 in file C:\Users\JPChang0\Desktop\nuvoTon\!Project-NuMotor
   Uses
      At line 59 in file C:\Users\JPChang0\Desktop\nuvoTon\!Project-NuMotor
      At line 153 in file C:\Users\JPChang0\Desktop\nuvoTon\!Project-NuMotor

HIRCTRIM_IRQHandler 0000002A

Symbol: HIRCTRIM_IRQHandler
   Definitions
      At line 188 in file C:\Users\JPChang0\Desktop\nuvoTon\!Project-NuMotor
   Uses
      At line 76 in file C:\Users\JPChang0\Desktop\nuvoTon\!Project-NuMotor
      At line 164 in file C:\Users\JPChang0\Desktop\nuvoTon\!Project-NuMotor

HardFault_Handler 00000022

Symbol: HardFault_Handler
   Definitions
      At line 131 in file C:\Users\JPChang0\Desktop\nuvoTon\!Project-NuMotor
   Uses
      At line 39 in file C:\Users\JPChang0\Desktop\nuvoTon\!Project-NuMotor
      At line 132 in file C:\Users\JPChang0\Desktop\nuvoTon\!Project-NuMotor

NMI_Handler 00000020

Symbol: NMI_Handler
   Definitions
      At line 126 in file C:\Users\JPChang0\Desktop\nuvoTon\!Project-NuMotor
   Uses
      At line 38 in file C:\Users\JPChang0\Desktop\nuvoTon\!Project-NuMotor
      At line 127 in file C:\Users\JPChang0\Desktop\nuvoTon\!Project-NuMotor



ARM Macro Assembler    Page 4 Alphabetic symbol ordering
Relocatable symbols


PWRWU_IRQHandler 0000002A

Symbol: PWRWU_IRQHandler
   Definitions
      At line 193 in file C:\Users\JPChang0\Desktop\nuvoTon\!Project-NuMotor
   Uses
      At line 83 in file C:\Users\JPChang0\Desktop\nuvoTon\!Project-NuMotor
      At line 168 in file C:\Users\JPChang0\Desktop\nuvoTon\!Project-NuMotor

PendSV_Handler 00000026

Symbol: PendSV_Handler
   Definitions
      At line 139 in file C:\Users\JPChang0\Desktop\nuvoTon\!Project-NuMotor
   Uses
      At line 50 in file C:\Users\JPChang0\Desktop\nuvoTon\!Project-NuMotor
      At line 140 in file C:\Users\JPChang0\Desktop\nuvoTon\!Project-NuMotor

Reset_Handler 00000000

Symbol: Reset_Handler
   Definitions
      At line 94 in file C:\Users\JPChang0\Desktop\nuvoTon\!Project-NuMotor
   Uses
      At line 37 in file C:\Users\JPChang0\Desktop\nuvoTon\!Project-NuMotor
      At line 95 in file C:\Users\JPChang0\Desktop\nuvoTon\!Project-NuMotor

SVC_Handler 00000024

Symbol: SVC_Handler
   Definitions
      At line 135 in file C:\Users\JPChang0\Desktop\nuvoTon\!Project-NuMotor
   Uses
      At line 47 in file C:\Users\JPChang0\Desktop\nuvoTon\!Project-NuMotor
      At line 136 in file C:\Users\JPChang0\Desktop\nuvoTon\!Project-NuMotor

SysTick_Handler 00000028

Symbol: SysTick_Handler
   Definitions
      At line 143 in file C:\Users\JPChang0\Desktop\nuvoTon\!Project-NuMotor
   Uses
      At line 51 in file C:\Users\JPChang0\Desktop\nuvoTon\!Project-NuMotor
      At line 144 in file C:\Users\JPChang0\Desktop\nuvoTon\!Project-NuMotor

TMR0_IRQHandler 0000002A

Symbol: TMR0_IRQHandler
   Definitions
      At line 189 in file C:\Users\JPChang0\Desktop\nuvoTon\!Project-NuMotor
   Uses
      At line 77 in file C:\Users\JPChang0\Desktop\nuvoTon\!Project-NuMotor
      At line 165 in file C:\Users\JPChang0\Desktop\nuvoTon\!Project-NuMotor

TMR1_IRQHandler 0000002A

Symbol: TMR1_IRQHandler
   Definitions



ARM Macro Assembler    Page 5 Alphabetic symbol ordering
Relocatable symbols

      At line 190 in file C:\Users\JPChang0\Desktop\nuvoTon\!Project-NuMotor
   Uses
      At line 78 in file C:\Users\JPChang0\Desktop\nuvoTon\!Project-NuMotor
      At line 166 in file C:\Users\JPChang0\Desktop\nuvoTon\!Project-NuMotor

TMR2_IRQHandler 0000002A

Symbol: TMR2_IRQHandler
   Definitions
      At line 191 in file C:\Users\JPChang0\Desktop\nuvoTon\!Project-NuMotor
   Uses
      At line 79 in file C:\Users\JPChang0\Desktop\nuvoTon\!Project-NuMotor
Comment: TMR2_IRQHandler used once
USCI1_IRQHandler 0000002A

Symbol: USCI1_IRQHandler
   Definitions
      At line 176 in file C:\Users\JPChang0\Desktop\nuvoTon\!Project-NuMotor
   Uses
      At line 58 in file C:\Users\JPChang0\Desktop\nuvoTon\!Project-NuMotor
      At line 152 in file C:\Users\JPChang0\Desktop\nuvoTon\!Project-NuMotor

USCI2_IRQHandler 0000002A

Symbol: USCI2_IRQHandler
   Definitions
      At line 183 in file C:\Users\JPChang0\Desktop\nuvoTon\!Project-NuMotor
   Uses
      At line 66 in file C:\Users\JPChang0\Desktop\nuvoTon\!Project-NuMotor
      At line 159 in file C:\Users\JPChang0\Desktop\nuvoTon\!Project-NuMotor

WDT_IRQHandler 0000002A

Symbol: WDT_IRQHandler
   Definitions
      At line 175 in file C:\Users\JPChang0\Desktop\nuvoTon\!Project-NuMotor
   Uses
      At line 56 in file C:\Users\JPChang0\Desktop\nuvoTon\!Project-NuMotor
      At line 151 in file C:\Users\JPChang0\Desktop\nuvoTon\!Project-NuMotor

30 symbols



ARM Macro Assembler    Page 1 Alphabetic symbol ordering
Absolute symbols

Heap_Size 00000000

Symbol: Heap_Size
   Definitions
      At line 20 in file C:\Users\JPChang0\Desktop\nuvoTon\!Project-NuMotor
   Uses
      At line 24 in file C:\Users\JPChang0\Desktop\nuvoTon\!Project-NuMotor
Comment: Heap_Size used once
Stack_Size 00000400

Symbol: Stack_Size
   Definitions
      At line 9 in file C:\Users\JPChang0\Desktop\nuvoTon\!Project-NuMotor
   Uses
      At line 12 in file C:\Users\JPChang0\Desktop\nuvoTon\!Project-NuMotor
Comment: Stack_Size used once
2 symbols



ARM Macro Assembler    Page 1 Alphabetic symbol ordering
External symbols

SystemInit 00000000

Symbol: SystemInit
   Definitions
      At line 96 in file C:\Users\JPChang0\Desktop\nuvoTon\!Project-NuMotor
   Uses
      At line 117 in file C:\Users\JPChang0\Desktop\nuvoTon\!Project-NuMotor
Comment: SystemInit used once
__main 00000000

Symbol: __main
   Definitions
      At line 97 in file C:\Users\JPChang0\Desktop\nuvoTon\!Project-NuMotor
   Uses
      At line 119 in file C:\Users\JPChang0\Desktop\nuvoTon\!Project-NuMotor
Comment: __main used once
2 symbols
380 symbols in table
